<html>
<body>
<pre>
<h1>礦ision Build Log</h1>
<h2>Tool Versions:</h2>
IDE-Version: μVision V5.27.1.0
Copyright (C) 2019 ARM Ltd and ARM Germany GmbH. All rights reserved.
License Information: zhang dong, tjzd.edu, LIC=KRMW3-AD4US-SBGEJ-U56G0-5FI8H-9HI8S
 
Tool Versions:
Toolchain:       MDK-ARM Plus  Version: 5.33.0.0
Toolchain Path:  D:\Keil_v5\ARM\ARMCC\Bin
C Compiler:      Armcc.exe V5.06 update 7 (build 960)
Assembler:       Armasm.exe V5.06 update 7 (build 960)
Linker/Locator:  ArmLink.exe V5.06 update 7 (build 960)
Library Manager: ArmAr.exe V5.06 update 7 (build 960)
Hex Converter:   FromElf.exe V5.06 update 7 (build 960)
CPU DLL:         SARMCM3.DLL V5.33.0.0
Dialog DLL:      DCM.DLL V1.17.3.0
Target DLL:      STLink\ST-LINKIII-KEIL_SWO.dll V3.0.8.0
Dialog DLL:      TCM.DLL V1.48.0.0
 
<h2>Project:</h2>
E:\8H_work\外包项目\已完成-液位计PTU51\STM32\Project\Project.uvprojx
Project File Date:  01/02/2021

<h2>Output:</h2>
*** Using Compiler 'V5.06 update 7 (build 960)', folder: 'D:\Keil_v5\ARM\ARMCC\Bin'
Build target 'BTB'
compiling main.c...
..\User\Relay.h(2): warning:  #1-D: last line of file ends without a newline
  void RelayTask(void);
..\User\main.c: 1 warning, 0 errors
compiling ADC.c...
..\User\Relay.h(2): warning:  #1-D: last line of file ends without a newline
  void RelayTask(void);
..\User\ADC.c: 1 warning, 0 errors
compiling memory.c...
..\User\Relay.h(2): warning:  #1-D: last line of file ends without a newline
  void RelayTask(void);
..\User\memory.c: 1 warning, 0 errors
compiling Delay_IO_NVIC_Init.c...
..\User\Relay.h(2): warning:  #1-D: last line of file ends without a newline
  void RelayTask(void);
..\User\Delay_IO_NVIC_Init.c: 1 warning, 0 errors
compiling Timer.c...
..\User\Relay.h(2): warning:  #1-D: last line of file ends without a newline
  void RelayTask(void);
..\User\Timer.c: 1 warning, 0 errors
compiling FM25CL64.c...
..\User\Relay.h(2): warning:  #1-D: last line of file ends without a newline
  void RelayTask(void);
..\User\FM25CL64.c: 1 warning, 0 errors
compiling pcf8563.c...
..\User\Relay.h(2): warning:  #1-D: last line of file ends without a newline
  void RelayTask(void);
..\User\pcf8563.c: 1 warning, 0 errors
compiling Disp.c...
..\User\Relay.h(2): warning:  #1-D: last line of file ends without a newline
  void RelayTask(void);
..\User\Disp.c(205): warning:  #223-D: function "WriteCfg" declared implicitly
  			case 0x1210:Cfg.Addr = dataInt16;WriteCfg();break; //UID
..\User\Disp.c(254): warning:  #550-D: variable "state"  was set but never used
  	int8_t state = 0;
..\User\Disp.c: 3 warnings, 0 errors
compiling FlowMeterHandle.c...
..\User\Relay.h(2): warning:  #1-D: last line of file ends without a newline
  void RelayTask(void);
..\User\FlowMeterHandle.c(212): warning:  #1-D: last line of file ends without a newline
  		
..\User\FlowMeterHandle.c: 2 warnings, 0 errors
compiling Calc.c...
..\User\Relay.h(2): warning:  #1-D: last line of file ends without a newline
  void RelayTask(void);
..\User\Calc.c: 1 warning, 0 errors
compiling ModBusProtocol.c...
..\User\Relay.h(2): warning:  #1-D: last line of file ends without a newline
  void RelayTask(void);
..\User\ModBusProtocol.c: 1 warning, 0 errors
compiling Relay.c...
..\User\Relay.h(2): warning:  #1-D: last line of file ends without a newline
  void RelayTask(void);
..\User\Relay.c(32): warning:  #1-D: last line of file ends without a newline
  }
..\User\Relay.c: 2 warnings, 0 errors
compiling COM.c...
..\User\Relay.h(2): warning:  #1-D: last line of file ends without a newline
  void RelayTask(void);
..\User\COM.c: 1 warning, 0 errors
compiling PTU5X.c...
..\User\Relay.h(2): warning:  #1-D: last line of file ends without a newline
  void RelayTask(void);
..\User\PTU5X.c(146): warning:  #223-D: function "WriteCfg" declared implicitly
  		case 0x18: Cfg.Addr = ChToINT16(p);WriteCfg(); break;		//本机地址修改
..\User\PTU5X.c(165): warning:  #223-D: function "Write_Ret" declared implicitly
  	Write_Ret();
..\User\PTU5X.c(143): warning:  #550-D: variable "temp"  was set but never used
  	int16_t temp = 0;
..\User\PTU5X.c(208): warning:  #223-D: function "MbRegRead" declared implicitly
              MbRegRead(101,p);
..\User\PTU5X.c(209): warning:  #223-D: function "Read_Ret" declared implicitly
              Read_Ret();//串口读命令返回
..\User\PTU5X.c(173): warning:  #177-D: variable "num"  was declared but never referenced
  	int16_t num = 0;
..\User\PTU5X.c(174): warning:  #177-D: variable "state"  was declared but never referenced
  	int8_t state = 0;
..\User\PTU5X.c(223): warning:  #1-D: last line of file ends without a newline
  		
..\User\PTU5X.c: 9 warnings, 0 errors
compiling FATFS.c...
..\User\Relay.h(2): warning:  #1-D: last line of file ends without a newline
  void RelayTask(void);
..\User\SPI_SD_Card\FATFS.c: 1 warning, 0 errors
linking...
Program Size: Code=26072 RO-data=1400 RW-data=256 ZI-data=19872  
FromELF: creating hex file...
".\Out\BTB.axf" - 0 Error(s), 27 Warning(s).

<h2>Software Packages used:</h2>

Package Vendor: ARM
                http://www.keil.com/pack/ARM.CMSIS.5.7.0.pack
                ARM.CMSIS.5.7.0
                CMSIS (Cortex Microcontroller Software Interface Standard)
   * Component: CORE Version: 5.4.0

Package Vendor: Keil
                http://www.keil.com/pack/Keil.STM32F1xx_DFP.2.3.0.pack
                Keil.STM32F1xx_DFP.2.3.0
                STMicroelectronics STM32F1 Series Device Support, Drivers and Examples

<h2>Collection of Component include folders:</h2>
  .\RTE\_BTB
  D:\Users\17122\AppData\Local\Arm\Packs\ARM\CMSIS\5.7.0\CMSIS\Core\Include
  D:\Users\17122\AppData\Local\Arm\Packs\Keil\STM32F1xx_DFP\2.3.0\Device\Include

<h2>Collection of Component Files used:</h2>

   * Component: ARM::CMSIS:CORE:5.4.0
Build Time Elapsed:  00:00:04
</pre>
</body>
</html>
