Component: ARM Compiler 5.06 update 7 (build 960) Tool: armlink [4d3601]

==============================================================================

Section Cross References

    main.o(i.AnalogRTC) refers to pcf8563.o(i.ReadTime) for ReadTime
    main.o(i.AnalogRTC) refers to main.o(.data) for Time
    main.o(i.AppTaskCreate) refers to os_task.o(i.OSTaskCreate) for OSTaskCreate
    main.o(i.AppTaskCreate) refers to main.o(.bss) for Task0Stk
    main.o(i.AppTaskCreate) refers to main.o(i.Task0) for Task0
    main.o(i.AppTaskCreate) refers to main.o(i.Task1) for Task1
    main.o(i.AppTaskCreate) refers to main.o(i.Task2) for Task2
    main.o(i.AppTaskCreate) refers to main.o(i.Task3) for Task3
    main.o(i.AppTaskCreate) refers to main.o(i.Task4) for Task4
    main.o(i.AppTaskCreate) refers to main.o(i.Task5) for Task5
    main.o(i.AppTaskCreate) refers to main.o(i.Task6) for Task6
    main.o(i.AppTaskCreate) refers to main.o(i.Task7) for Task7
    main.o(i.PowerDetection) refers to os_cpu_a.o(.text) for OS_CPU_SR_Save
    main.o(i.PowerDetection) refers to adc.o(i.GetVin) for GetVin
    main.o(i.PowerDetection) refers to calc.o(i.PowerDownEvent) for PowerDownEvent
    main.o(i.PowerDetection) refers to memory.o(i.WritePar) for WritePar
    main.o(i.PowerDetection) refers to delay_io_nvic_init.o(i.Delayms) for Delayms
    main.o(i.PowerDetection) refers to delay_io_nvic_init.o(i.IWDG_Reset) for IWDG_Reset
    main.o(i.PowerDetection) refers to main.o(.data) for Vin
    main.o(i.SysTick_init) refers to stm32f10x_rcc.o(i.RCC_GetClocksFreq) for RCC_GetClocksFreq
    main.o(i.Task0) refers to os_time.o(i.OSTimeDly) for OSTimeDly
    main.o(i.Task0) refers to main.o(i.PowerDetection) for PowerDetection
    main.o(i.Task0) refers to main.o(.data) for Scnt
    main.o(i.Task0) refers to main.o(.bss) for RunTime
    main.o(i.Task1) refers to stm32f10x_gpio.o(i.GPIO_SetBits) for GPIO_SetBits
    main.o(i.Task1) refers to os_time.o(i.OSTimeDly) for OSTimeDly
    main.o(i.Task2) refers to os_time.o(i.OSTimeDly) for OSTimeDly
    main.o(i.Task3) refers to memory.o(i.ReadPar) for ReadPar
    main.o(i.Task3) refers to os_time.o(i.OSTimeDly) for OSTimeDly
    main.o(i.Task3) refers to com.o(i.COM3Init) for COM3Init
    main.o(i.Task3) refers to memory.o(i.WritePar) for WritePar
    main.o(i.Task3) refers to main.o(.bss) for Cfg
    main.o(i.Task3) refers to main.o(.data) for Old_ComCfg
    main.o(i.Task4) refers to pcf8563.o(i.ReadTime) for ReadTime
    main.o(i.Task4) refers to calc.o(i.CalRatio) for CalRatio
    main.o(i.Task4) refers to os_time.o(i.OSTimeDly) for OSTimeDly
    main.o(i.Task4) refers to calc.o(i.DateChange) for DateChange
    main.o(i.Task4) refers to calc.o(i.EventRecord) for EventRecord
    main.o(i.Task4) refers to main.o(i.AnalogRTC) for AnalogRTC
    main.o(i.Task4) refers to timer.o(i.Out4_20mA) for Out4_20mA
    main.o(i.Task4) refers to main.o(.data) for Time
    main.o(i.Task5) refers to os_time.o(i.OSTimeDly) for OSTimeDly
    main.o(i.Task5) refers to relay.o(i.RelayTask) for RelayTask
    main.o(i.Task6) refers to os_time.o(i.OSTimeDly) for OSTimeDly
    main.o(i.Task6) refers to disp.o(i.Disp) for Disp
    main.o(i.Task7) refers to os_time.o(i.OSTimeDly) for OSTimeDly
    main.o(i.Task7) refers to com.o(i.COM4Init) for COM4Init
    main.o(i.main) refers to main.o(i.Get_JTAG_ID) for Get_JTAG_ID
    main.o(i.main) refers to delay_io_nvic_init.o(i.IO_Init) for IO_Init
    main.o(i.main) refers to adc.o(i.ADC1Init) for ADC1Init
    main.o(i.main) refers to delay_io_nvic_init.o(i.Delayms) for Delayms
    main.o(i.main) refers to adc.o(i.GetVin) for GetVin
    main.o(i.main) refers to timer.o(i.TIM3Init) for TIM3Init
    main.o(i.main) refers to timer.o(i.TIM4Init) for TIM4Init
    main.o(i.main) refers to com.o(i.COM1Init) for COM1Init
    main.o(i.main) refers to com.o(i.COM2Init) for COM2Init
    main.o(i.main) refers to delay_io_nvic_init.o(i.NVIC_Configuration) for NVIC_Configuration
    main.o(i.main) refers to main.o(i.SysTick_init) for SysTick_init
    main.o(i.main) refers to os_core.o(i.OSInit) for OSInit
    main.o(i.main) refers to main.o(i.AppTaskCreate) for AppTaskCreate
    main.o(i.main) refers to os_core.o(i.OSStart) for OSStart
    main.o(i.main) refers to main.o(.data) for CPU_Type
    disp.o(i.Disp) refers to ptu5x.o(i.GetUstcDis2) for GetUstcDis2
    disp.o(i.Disp) refers to os_time.o(i.OSTimeDly) for OSTimeDly
    disp.o(i.Disp) refers to disp.o(i.DispBackCheck) for DispBackCheck
    disp.o(i.Disp) refers to ptu5x.o(i.GetUstcToPC) for GetUstcToPC
    disp.o(i.Disp) refers to disp.o(i.Disp_WrInt) for Disp_WrInt
    disp.o(i.Disp) refers to disp.o(i.Disp_WrFloat) for Disp_WrFloat
    disp.o(i.Disp) refers to disp.o(i.HighPstDis) for HighPstDis
    disp.o(i.Disp) refers to disp.o(i.Disp_WrRtc) for Disp_WrRtc
    disp.o(i.Disp) refers to main.o(.data) for UsLevelmm
    disp.o(i.Disp) refers to main.o(.bss) for Cfg
[...]
    i.TIM_GetITStatus                        0x08004ce8   Section        0  stm32f10x_tim.o(i.TIM_GetITStatus)
    i.TIM_ITConfig                           0x08004d0a   Section        0  stm32f10x_tim.o(i.TIM_ITConfig)
    i.TIM_OC3Init                            0x08004d1c   Section        0  stm32f10x_tim.o(i.TIM_OC3Init)
    i.TIM_SetCompare1                        0x08004dbc   Section        0  stm32f10x_tim.o(i.TIM_SetCompare1)
    i.TIM_SetCompare3                        0x08004dc0   Section        0  stm32f10x_tim.o(i.TIM_SetCompare3)
    i.TIM_TimeBaseInit                       0x08004dc4   Section        0  stm32f10x_tim.o(i.TIM_TimeBaseInit)
    i.Task0                                  0x08004e68   Section        0  main.o(i.Task0)
    i.Task1                                  0x08004f04   Section        0  main.o(i.Task1)
    i.Task2                                  0x08004f1c   Section        0  main.o(i.Task2)
    i.Task3                                  0x08004f58   Section        0  main.o(i.Task3)
    i.Task4                                  0x08005014   Section        0  main.o(i.Task4)
    i.Task5                                  0x0800508c   Section        0  main.o(i.Task5)
    i.Task6                                  0x0800509c   Section        0  main.o(i.Task6)
    i.Task7                                  0x080050ac   Section        0  main.o(i.Task7)
    i.Tx2Send                                0x080050c4   Section        0  com.o(i.Tx2Send)
    i.Tx3Send                                0x080050f4   Section        0  com.o(i.Tx3Send)
    i.UART4_IRQHandler                       0x08005144   Section        0  com.o(i.UART4_IRQHandler)
    i.USART1_IRQHandler                      0x0800520c   Section        0  com.o(i.USART1_IRQHandler)
    i.USART2_IRQHandler                      0x080052e4   Section        0  com.o(i.USART2_IRQHandler)
    i.USART3_IRQHandler                      0x080053b8   Section        0  com.o(i.USART3_IRQHandler)
    i.USART_ClearITPendingBit                0x080054a8   Section        0  stm32f10x_usart.o(i.USART_ClearITPendingBit)
    i.USART_Cmd                              0x080054c6   Section        0  stm32f10x_usart.o(i.USART_Cmd)
    i.USART_GetFlagStatus                    0x080054de   Section        0  stm32f10x_usart.o(i.USART_GetFlagStatus)
    i.USART_GetITStatus                      0x080054f8   Section        0  stm32f10x_usart.o(i.USART_GetITStatus)
    i.USART_ITConfig                         0x0800554c   Section        0  stm32f10x_usart.o(i.USART_ITConfig)
    i.USART_Init                             0x08005598   Section        0  stm32f10x_usart.o(i.USART_Init)
    i.USART_ReceiveData                      0x08005670   Section        0  stm32f10x_usart.o(i.USART_ReceiveData)
    i.USART_SendData                         0x0800567a   Section        0  stm32f10x_usart.o(i.USART_SendData)
    i.UsConfigSet                            0x08005682   Section        0  disp.o(i.UsConfigSet)
    i.UsDataSend                             0x08005694   Section        0  ptu5x.o(i.UsDataSend)
    i.UsageFault_Handler                     0x08005744   Section        0  stm32f10x_it.o(i.UsageFault_Handler)
    i.UstcComMirror                          0x08005748   Section        0  ptu5x.o(i.UstcComMirror)
    i.UstcDateUpdate                         0x08005818   Section        0  ptu5x.o(i.UstcDateUpdate)
    i.UstcWriteGolbal                        0x080058c0   Section        0  ptu5x.o(i.UstcWriteGolbal)
    i.WriteCfg                               0x080059a0   Section        0  memory.o(i.WriteCfg)
    i.WriteDayHis                            0x080059cc   Section        0  calc.o(i.WriteDayHis)
    i.WriteFM                                0x08005a50   Section        0  fm25cl64.o(i.WriteFM)
    i.WriteFMFill                            0x08005aa8   Section        0  fm25cl64.o(i.WriteFMFill)
    i.WriteHisP                              0x08005af8   Section        0  memory.o(i.WriteHisP)
    i.WriteMonHis                            0x08005b20   Section        0  calc.o(i.WriteMonHis)
    i.WritePCF8563                           0x08005ba4   Section        0  pcf8563.o(i.WritePCF8563)
    i.WritePar                               0x08005bfc   Section        0  memory.o(i.WritePar)
    i.WriteRunTime                           0x08005ca0   Section        0  memory.o(i.WriteRunTime)
    i.WriteSumFlowQ                          0x08005cc8   Section        0  memory.o(i.WriteSumFlowQ)
    i.WriteSumHeatQ                          0x08005cf0   Section        0  memory.o(i.WriteSumHeatQ)
    i.WriteTime                              0x08005d18   Section        0  pcf8563.o(i.WriteTime)
    i.WriteYearHis                           0x08005dfc   Section        0  calc.o(i.WriteYearHis)
    i.Write_Disable                          0x08005e80   Section        0  fm25cl64.o(i.Write_Disable)
    i.Write_Enable                           0x08005ea4   Section        0  fm25cl64.o(i.Write_Enable)
    i.Write_Ret                              0x08005ec8   Section        0  modbusprotocol.o(i.Write_Ret)
    i.__ARM_fpclassify                       0x08005f00   Section        0  fpclassify.o(i.__ARM_fpclassify)
    i.__ieee754_rem_pio2                     0x08005f28   Section        0  rred.o(i.__ieee754_rem_pio2)
    i.__kernel_poly                          0x080062b0   Section        0  poly.o(i.__kernel_poly)
    i.__kernel_tan                           0x0800635c   Section        0  tan_i.o(i.__kernel_tan)
    i.__mathlib_dbl_infnan                   0x080065d8   Section        0  dunder.o(i.__mathlib_dbl_infnan)
    i.__mathlib_dbl_invalid                  0x080065de   Section        0  dunder.o(i.__mathlib_dbl_invalid)
    i.__mathlib_dbl_underflow                0x080065ec   Section        0  dunder.o(i.__mathlib_dbl_underflow)
    i.__scatterload_copy                     0x080065fc   Section       14  handlers.o(i.__scatterload_copy)
    i.__scatterload_null                     0x0800660a   Section        2  handlers.o(i.__scatterload_null)
    i.__scatterload_zeroinit                 0x0800660c   Section       14  handlers.o(i.__scatterload_zeroinit)
    i.__set_errno                            0x0800661c   Section        0  errno.o(i.__set_errno)
    i.main                                   0x08006628   Section        0  main.o(i.main)
    i.tan                                    0x080066a4   Section        0  tan.o(i.tan)
    .constdata                               0x08006708   Section      512  crc.o(.constdata)
    .constdata                               0x08006908   Section      256  os_core.o(.constdata)
    .constdata                               0x08006a08   Section      200  rred.o(.constdata)
    pio2s                                    0x08006a08   Data          48  rred.o(.constdata)
    twooverpi                                0x08006a38   Data         152  rred.o(.constdata)
    .constdata                               0x08006ad0   Section       96  tan_i.o(.constdata)
    Todd                                     0x08006ad0   Data          48  tan_i.o(.constdata)
    Teven                                    0x08006b00   Data          48  tan_i.o(.constdata)
    .data                                    0x20000000   Section      144  main.o(.data)
    Scnt                                     0x2000008c   Data           2  main.o(.data)
    Old_ComCfg                               0x2000008e   Data           1  main.o(.data)
    SecFlag                                  0x2000008f   Data           1  main.o(.data)
    .data                                    0x20000090   Section        6  disp.o(.data)
    numhist                                  0x20000094   Data           2  disp.o(.data)
    .data                                    0x20000098   Section       18  calc.o(.data)
    DecimalPout                              0x200000a0   Data           4  calc.o(.data)
    UnderVoltageEvent                        0x200000a4   Data           1  calc.o(.data)
    SensorFaultEvent                         0x200000a5   Data           1  calc.o(.data)
    ReverseFlowEvent                         0x200000a6   Data           1  calc.o(.data)
    FlowQmaxEvent                            0x200000a7   Data           1  calc.o(.data)
    FlowQminEvent                            0x200000a8   Data           1  calc.o(.data)
    TempErrEvent                             0x200000a9   Data           1  calc.o(.data)
    .data                                    0x200000aa   Section        1  timer.o(.data)
    Flag                                     0x200000aa   Data           1  timer.o(.data)
    .data                                    0x200000ab   Section        1  pcf8563.o(.data)
    ack                                      0x200000ab   Data           1  pcf8563.o(.data)
    .data                                    0x200000ac   Section        1  ptu5x.o(.data)
    Rx3Num_history                           0x200000ac   Data           1  ptu5x.o(.data)
    .data                                    0x200000ad   Section       20  stm32f10x_rcc.o(.data)
    APBAHBPrescTable                         0x200000ad   Data          16  stm32f10x_rcc.o(.data)
    ADCPrescTable                            0x200000bd   Data           4  stm32f10x_rcc.o(.data)
    .data                                    0x200000c4   Section       56  os_core.o(.data)
    .data                                    0x200000fc   Section        4  errno.o(.data)
    _errno                                   0x200000fc   Data           4  errno.o(.data)
    .bss                                     0x20000100   Section    16224  main.o(.bss)
    Task0Stk                                 0x20000690   Data         800  main.o(.bss)
    Task1Stk                                 0x200009b0   Data        2000  main.o(.bss)
    Task2Stk                                 0x20001180   Data        2000  main.o(.bss)
    Task3Stk                                 0x20001950   Data        2000  main.o(.bss)
    Task4Stk                                 0x20002120   Data        2000  main.o(.bss)
    Task5Stk                                 0x200028f0   Data        2000  main.o(.bss)
    Task6Stk                                 0x200030c0   Data        2000  main.o(.bss)
    Task7Stk                                 0x20003890   Data        2000  main.o(.bss)
    .bss                                     0x20004060   Section      100  disp.o(.bss)
    .bss                                     0x200040c4   Section     2520  os_core.o(.bss)
    STACK                                    0x20004aa0   Section     1024  startup_stm32f10x_hd.o(STACK)

    Global Symbols

    Symbol Name                              Value     Ov Type        Size  Object(Section)

    BuildAttributes$$THM_ISAv4$P$D$K$B$S$PE$A:L22UL41UL21$X:L11$S22US41US21$IEEE1$IW$USESV6$~STKCKD$USESV7$~SHL$OTIME$ROPI$IEEEX$EBA8$MICROLIB$REQ8$PRES8$EABIv2 0x00000000   Number         0  anon$$obj.o ABSOLUTE
    __ARM_use_no_argv                        0x00000000   Number         0  main.o ABSOLUTE
    _printf_a                                0x00000000   Number         0  stubs.o ABSOLUTE
    _printf_c                                0x00000000   Number         0  stubs.o ABSOLUTE
    _printf_charcount                        0x00000000   Number         0  stubs.o ABSOLUTE
    _printf_d                                0x00000000   Number         0  stubs.o ABSOLUTE
    _printf_e                                0x00000000   Number         0  stubs.o ABSOLUTE
    _printf_f                                0x00000000   Number         0  stubs.o ABSOLUTE
    _printf_flags                            0x00000000   Number         0  stubs.o ABSOLUTE
    _printf_fp_dec                           0x00000000   Number         0  stubs.o ABSOLUTE
    _printf_fp_hex                           0x00000000   Number         0  stubs.o ABSOLUTE
    _printf_g                                0x00000000   Number         0  stubs.o ABSOLUTE
    _printf_i                                0x00000000   Number         0  stubs.o ABSOLUTE
    _printf_int_dec                          0x00000000   Number         0  stubs.o ABSOLUTE
    _printf_l                                0x00000000   Number         0  stubs.o ABSOLUTE
    _printf_lc                               0x00000000   Number         0  stubs.o ABSOLUTE
    _printf_ll                               0x00000000   Number         0  stubs.o ABSOLUTE
    _printf_lld                              0x00000000   Number         0  stubs.o ABSOLUTE
    _printf_lli                              0x00000000   Number         0  stubs.o ABSOLUTE
    _printf_llo                              0x00000000   Number         0  stubs.o ABSOLUTE
    _printf_llu                              0x00000000   Number         0  stubs.o ABSOLUTE
    _printf_llx                              0x00000000   Number         0  stubs.o ABSOLUTE
    _printf_longlong_dec                     0x00000000   Number         0  stubs.o ABSOLUTE
    _printf_longlong_hex                     0x00000000   Number         0  stubs.o ABSOLUTE
    _printf_longlong_oct                     0x00000000   Number         0  stubs.o ABSOLUTE
    _printf_ls                               0x00000000   Number         0  stubs.o ABSOLUTE
    _printf_mbtowc                           0x00000000   Number         0  stubs.o ABSOLUTE
    _printf_n                                0x00000000   Number         0  stubs.o ABSOLUTE
    _printf_o                                0x00000000   Number         0  stubs.o ABSOLUTE
    _printf_p                                0x00000000   Number         0  stubs.o ABSOLUTE
    _printf_percent                          0x00000000   Number         0  stubs.o ABSOLUTE
    _printf_pre_padding                      0x00000000   Number         0  stubs.o ABSOLUTE
    _printf_return_value                     0x00000000   Number         0  stubs.o ABSOLUTE
    _printf_s                                0x00000000   Number         0  stubs.o ABSOLUTE
    _printf_sizespec                         0x00000000   Number         0  stubs.o ABSOLUTE
    _printf_str                              0x00000000   Number         0  stubs.o ABSOLUTE
    _printf_truncate_signed                  0x00000000   Number         0  stubs.o ABSOLUTE
    _printf_truncate_unsigned                0x00000000   Number         0  stubs.o ABSOLUTE
    _printf_u                                0x00000000   Number         0  stubs.o ABSOLUTE
    _printf_wc                               0x00000000   Number         0  stubs.o ABSOLUTE
    _printf_wctomb                           0x00000000   Number         0  stubs.o ABSOLUTE
    _printf_widthprec                        0x00000000   Number         0  stubs.o ABSOLUTE
    _printf_x                                0x00000000   Number         0  stubs.o ABSOLUTE
    __arm_fini_                               - Undefined Weak Reference
    __cpp_initialize__aeabi_                  - Undefined Weak Reference
    __cxa_finalize                            - Undefined Weak Reference
    __decompress                              - Undefined Weak Reference
    _clock_init                               - Undefined Weak Reference
    _microlib_exit                            - Undefined Weak Reference
    __Vectors_Size                           0x00000130   Number         0  startup_stm32f10x_hd.o ABSOLUTE
    __Vectors                                0x08000000   Data           4  startup_stm32f10x_hd.o(RESET)
    __Vectors_End                            0x08000130   Data           0  startup_stm32f10x_hd.o(RESET)
    __main                                   0x08000131   Thumb Code     0  entry.o(.ARM.Collect$$$$00000000)
    _main_stk                                0x08000131   Thumb Code     0  entry2.o(.ARM.Collect$$$$00000001)
    _main_scatterload                        0x08000135   Thumb Code     0  entry5.o(.ARM.Collect$$$$00000004)
    __main_after_scatterload                 0x08000139   Thumb Code     0  entry5.o(.ARM.Collect$$$$00000004)
    _main_clock                              0x08000139   Thumb Code     0  entry7b.o(.ARM.Collect$$$$00000008)
    _main_cpp_init                           0x08000139   Thumb Code     0  entry8b.o(.ARM.Collect$$$$0000000A)
    _main_init                               0x08000139   Thumb Code     0  entry9a.o(.ARM.Collect$$$$0000000B)
    __rt_lib_shutdown_fini                   0x08000141   Thumb Code     0  entry12b.o(.ARM.Collect$$$$0000000E)
    __rt_final_cpp                           0x08000145   Thumb Code     0  entry10a.o(.ARM.Collect$$$$0000000F)
    __rt_final_exit                          0x08000145   Thumb Code     0  entry11a.o(.ARM.Collect$$$$00000011)
    Reset_Handler                            0x08000149   Thumb Code     8  startup_stm32f10x_hd.o(.text)
    ADC1_2_IRQHandler                        0x08000163   Thumb Code     0  startup_stm32f10x_hd.o(.text)
    ADC3_IRQHandler                          0x08000163   Thumb Code     0  startup_stm32f10x_hd.o(.text)
    CAN1_RX1_IRQHandler                      0x08000163   Thumb Code     0  startup_stm32f10x_hd.o(.text)
    CAN1_SCE_IRQHandler                      0x08000163   Thumb Code     0  startup_stm32f10x_hd.o(.text)
    DMA1_Channel1_IRQHandler                 0x08000163   Thumb Code     0  startup_stm32f10x_hd.o(.text)
    DMA1_Channel2_IRQHandler                 0x08000163   Thumb Code     0  startup_stm32f10x_hd.o(.text)
    DMA1_Channel3_IRQHandler                 0x08000163   Thumb Code     0  startup_stm32f10x_hd.o(.text)
    DMA1_Channel4_IRQHandler                 0x08000163   Thumb Code     0  startup_stm32f10x_hd.o(.text)
    DMA1_Channel5_IRQHandler                 0x08000163   Thumb Code     0  startup_stm32f10x_hd.o(.text)
    DMA1_Channel6_IRQHandler                 0x08000163   Thumb Code     0  startup_stm32f10x_hd.o(.text)
    DMA1_Channel7_IRQHandler                 0x08000163   Thumb Code     0  startup_stm32f10x_hd.o(.text)
    DMA2_Channel1_IRQHandler                 0x08000163   Thumb Code     0  startup_stm32f10x_hd.o(.text)
    DMA2_Channel2_IRQHandler                 0x08000163   Thumb Code     0  startup_stm32f10x_hd.o(.text)
    DMA2_Channel3_IRQHandler                 0x08000163   Thumb Code     0  startup_stm32f10x_hd.o(.text)
    DMA2_Channel4_5_IRQHandler               0x08000163   Thumb Code     0  startup_stm32f10x_hd.o(.text)
    EXTI0_IRQHandler                         0x08000163   Thumb Code     0  startup_stm32f10x_hd.o(.text)
    EXTI15_10_IRQHandler                     0x08000163   Thumb Code     0  startup_stm32f10x_hd.o(.text)
    EXTI1_IRQHandler                         0x08000163   Thumb Code     0  startup_stm32f10x_hd.o(.text)
    EXTI2_IRQHandler                         0x08000163   Thumb Code     0  startup_stm32f10x_hd.o(.text)
    EXTI3_IRQHandler                         0x08000163   Thumb Code     0  startup_stm32f10x_hd.o(.text)
    EXTI4_IRQHandler                         0x08000163   Thumb Code     0  startup_stm32f10x_hd.o(.text)
    EXTI9_5_IRQHandler                       0x08000163   Thumb Code     0  startup_stm32f10x_hd.o(.text)
    FLASH_IRQHandler                         0x08000163   Thumb Code     0  startup_stm32f10x_hd.o(.text)
    FSMC_IRQHandler                          0x08000163   Thumb Code     0  startup_stm32f10x_hd.o(.text)
    I2C1_ER_IRQHandler                       0x08000163   Thumb Code     0  startup_stm32f10x_hd.o(.text)
    I2C1_EV_IRQHandler                       0x08000163   Thumb Code     0  startup_stm32f10x_hd.o(.text)
    I2C2_ER_IRQHandler                       0x08000163   Thumb Code     0  startup_stm32f10x_hd.o(.text)
    I2C2_EV_IRQHandler                       0x08000163   Thumb Code     0  startup_stm32f10x_hd.o(.text)
    PVD_IRQHandler                           0x08000163   Thumb Code     0  startup_stm32f10x_hd.o(.text)
    RCC_IRQHandler                           0x08000163   Thumb Code     0  startup_stm32f10x_hd.o(.text)
    RTCAlarm_IRQHandler                      0x08000163   Thumb Code     0  startup_stm32f10x_hd.o(.text)
    RTC_IRQHandler                           0x08000163   Thumb Code     0  startup_stm32f10x_hd.o(.text)
    SDIO_IRQHandler                          0x08000163   Thumb Code     0  startup_stm32f10x_hd.o(.text)
    SPI1_IRQHandler                          0x08000163   Thumb Code     0  startup_stm32f10x_hd.o(.text)
    SPI2_IRQHandler                          0x08000163   Thumb Code     0  startup_stm32f10x_hd.o(.text)
    SPI3_IRQHandler                          0x08000163   Thumb Code     0  startup_stm32f10x_hd.o(.text)
    TAMPER_IRQHandler                        0x08000163   Thumb Code     0  startup_stm32f10x_hd.o(.text)
    TIM1_BRK_IRQHandler                      0x08000163   Thumb Code     0  startup_stm32f10x_hd.o(.text)
    TIM1_CC_IRQHandler                       0x08000163   Thumb Code     0  startup_stm32f10x_hd.o(.text)
    TIM1_TRG_COM_IRQHandler                  0x08000163   Thumb Code     0  startup_stm32f10x_hd.o(.text)
    TIM1_UP_IRQHandler                       0x08000163   Thumb Code     0  startup_stm32f10x_hd.o(.text)
    TIM2_IRQHandler                          0x08000163   Thumb Code     0  startup_stm32f10x_hd.o(.text)
    TIM3_IRQHandler                          0x08000163   Thumb Code     0  startup_stm32f10x_hd.o(.text)
    TIM5_IRQHandler                          0x08000163   Thumb Code     0  startup_stm32f10x_hd.o(.text)
    TIM6_IRQHandler                          0x08000163   Thumb Code     0  startup_stm32f10x_hd.o(.text)
    TIM7_IRQHandler                          0x08000163   Thumb Code     0  startup_stm32f10x_hd.o(.text)
    TIM8_BRK_IRQHandler                      0x08000163   Thumb Code     0  startup_stm32f10x_hd.o(.text)
    TIM8_CC_IRQHandler                       0x08000163   Thumb Code     0  startup_stm32f10x_hd.o(.text)
    TIM8_TRG_COM_IRQHandler                  0x08000163   Thumb Code     0  startup_stm32f10x_hd.o(.text)
    TIM8_UP_IRQHandler                       0x08000163   Thumb Code     0  startup_stm32f10x_hd.o(.text)
    UART5_IRQHandler                         0x08000163   Thumb Code     0  startup_stm32f10x_hd.o(.text)
    USBWakeUp_IRQHandler                     0x08000163   Thumb Code     0  startup_stm32f10x_hd.o(.text)
    USB_HP_CAN1_TX_IRQHandler                0x08000163   Thumb Code     0  startup_stm32f10x_hd.o(.text)
    USB_LP_CAN1_RX0_IRQHandler               0x08000163   Thumb Code     0  startup_stm32f10x_hd.o(.text)
    WWDG_IRQHandler                          0x08000163   Thumb Code     0  startup_stm32f10x_hd.o(.text)
    OS_CPU_SR_Save                           0x0800016d   Thumb Code     0  os_cpu_a.o(.text)
    OS_CPU_SR_Restore                        0x08000175   Thumb Code     0  os_cpu_a.o(.text)
    OSStartHighRdy                           0x0800017b   Thumb Code     0  os_cpu_a.o(.text)
    OSCtxSw                                  0x0800019b   Thumb Code     0  os_cpu_a.o(.text)
    OSIntCtxSw                               0x080001a5   Thumb Code     0  os_cpu_a.o(.text)
    OS_CPU_PendSVHandler                     0x080001af   Thumb Code     0  os_cpu_a.o(.text)
    __aeabi_memcpy                           0x08000211   Thumb Code    36  memcpya.o(.text)
    __aeabi_memcpy4                          0x08000211   Thumb Code     0  memcpya.o(.text)
    __aeabi_memcpy8                          0x08000211   Thumb Code     0  memcpya.o(.text)
    __aeabi_memset                           0x08000235   Thumb Code    14  memseta.o(.text)
    __aeabi_memset4                          0x08000235   Thumb Code     0  memseta.o(.text)
    __aeabi_memset8                          0x08000235   Thumb Code     0  memseta.o(.text)
    __aeabi_memclr                           0x08000243   Thumb Code     4  memseta.o(.text)
    __aeabi_memclr4                          0x08000243   Thumb Code     0  memseta.o(.text)
    __aeabi_memclr8                          0x08000243   Thumb Code     0  memseta.o(.text)
    _memset$wrapper                          0x08000247   Thumb Code    18  memseta.o(.text)
    __aeabi_fadd                             0x08000259   Thumb Code   164  fadd.o(.text)
    __aeabi_fsub                             0x080002fd   Thumb Code     6  fadd.o(.text)
    __aeabi_frsub                            0x08000303   Thumb Code     6  fadd.o(.text)
    __aeabi_fmul                             0x08000309   Thumb Code   100  fmul.o(.text)
    __aeabi_fdiv                             0x0800036d   Thumb Code   124  fdiv.o(.text)
    __aeabi_dadd                             0x080003e9   Thumb Code   322  dadd.o(.text)
    __aeabi_dsub                             0x0800052b   Thumb Code     6  dadd.o(.text)
    __aeabi_drsub                            0x08000531   Thumb Code     6  dadd.o(.text)
    __aeabi_dmul                             0x08000537   Thumb Code   228  dmul.o(.text)
    __aeabi_ddiv                             0x0800061b   Thumb Code   222  ddiv.o(.text)
    __aeabi_i2f                              0x080006f9   Thumb Code    18  fflti.o(.text)
    __aeabi_ui2f                             0x0800070b   Thumb Code    10  ffltui.o(.text)
    __aeabi_l2f                              0x08000715   Thumb Code    44  ffltl.o(.text)
    __aeabi_i2d                              0x08000741   Thumb Code    34  dflti.o(.text)
    __aeabi_ui2d                             0x08000763   Thumb Code    26  dfltui.o(.text)
    __aeabi_l2d                              0x0800077d   Thumb Code    40  dfltl.o(.text)
    __aeabi_d2iz                             0x080007a5   Thumb Code    62  dfixi.o(.text)
    __aeabi_d2uiz                            0x080007e3   Thumb Code    50  dfixui.o(.text)
    __aeabi_f2d                              0x08000815   Thumb Code    38  f2d.o(.text)
    __aeabi_d2f                              0x0800083b   Thumb Code    56  d2f.o(.text)
    __aeabi_cfcmpeq                          0x08000875   Thumb Code     0  cfcmple.o(.text)
    __aeabi_cfcmple                          0x08000875   Thumb Code    20  cfcmple.o(.text)
    __aeabi_cfrcmple                         0x08000889   Thumb Code    20  cfrcmple.o(.text)
    __aeabi_llsl                             0x0800089d   Thumb Code    30  llshl.o(.text)
    _ll_shift_l                              0x0800089d   Thumb Code     0  llshl.o(.text)
    __aeabi_llsr                             0x080008bb   Thumb Code    32  llushr.o(.text)
    _ll_ushift_r                             0x080008bb   Thumb Code     0  llushr.o(.text)
    __aeabi_lasr                             0x080008db   Thumb Code    36  llsshr.o(.text)
    _ll_sshift_r                             0x080008db   Thumb Code     0  llsshr.o(.text)
    __I$use$fp                               0x080008ff   Thumb Code     0  iusefp.o(.text)
    _float_round                             0x080008ff   Thumb Code    18  fepilogue.o(.text)
    _float_epilogue                          0x08000911   Thumb Code    92  fepilogue.o(.text)
    _double_round                            0x0800096d   Thumb Code    30  depilogue.o(.text)
    _double_epilogue                         0x0800098b   Thumb Code   156  depilogue.o(.text)
    __scatterload                            0x08000a29   Thumb Code    28  init.o(.text)
    __scatterload_rt2                        0x08000a29   Thumb Code     0  init.o(.text)
    __ARM_scalbn                             0x08000a4d   Thumb Code    46  dscalb.o(.text)
    scalbn                                   0x08000a4d   Thumb Code     0  dscalb.o(.text)
    ADC1Init                                 0x08000a7d   Thumb Code   108  adc.o(i.ADC1Init)
    ADC_Cmd                                  0x08000aed   Thumb Code    22  stm32f10x_adc.o(i.ADC_Cmd)
    ADC_GetCalibrationStatus                 0x08000b03   Thumb Code    20  stm32f10x_adc.o(i.ADC_GetCalibrationStatus)
    ADC_GetConversionValue                   0x08000b17   Thumb Code     8  stm32f10x_adc.o(i.ADC_GetConversionValue)
    ADC_GetResetCalibrationStatus            0x08000b1f   Thumb Code    20  stm32f10x_adc.o(i.ADC_GetResetCalibrationStatus)
    ADC_Init                                 0x08000b35   Thumb Code    70  stm32f10x_adc.o(i.ADC_Init)
    ADC_RegularChannelConfig                 0x08000b85   Thumb Code   184  stm32f10x_adc.o(i.ADC_RegularChannelConfig)
    ADC_ResetCalibration                     0x08000c3d   Thumb Code    10  stm32f10x_adc.o(i.ADC_ResetCalibration)
    ADC_SoftwareStartConvCmd                 0x08000c47   Thumb Code    22  stm32f10x_adc.o(i.ADC_SoftwareStartConvCmd)
    ADC_StartCalibration                     0x08000c5d   Thumb Code    10  stm32f10x_adc.o(i.ADC_StartCalibration)
    AnalogRTC                                0x08000cd5   Thumb Code    52  main.o(i.AnalogRTC)
    AppTaskCreate                            0x08000d0d   Thumb Code   100  main.o(i.AppTaskCreate)
    BusFault_Handler                         0x08000db1   Thumb Code     4  stm32f10x_it.o(i.BusFault_Handler)
    COM1Init                                 0x08000db5   Thumb Code    80  com.o(i.COM1Init)
    COM2Init                                 0x08000e0d   Thumb Code    78  com.o(i.COM2Init)
    COM2_SendRecProcess                      0x08000e65   Thumb Code   120  flowmeterhandle.o(i.COM2_SendRecProcess)
    COM3Init                                 0x08000eed   Thumb Code   160  com.o(i.COM3Init)
    COM4Init                                 0x08000f95   Thumb Code    70  com.o(i.COM4Init)
    CRCReplace                               0x08000fe1   Thumb Code    30  ptu5x.o(i.CRCReplace)
    CalCRC16                                 0x08001001   Thumb Code    50  crc.o(i.CalCRC16)
    CalFlowQRatio                            0x0800103d   Thumb Code    58  calc.o(i.CalFlowQRatio)
    CalFlowRatio                             0x08001089   Thumb Code   296  calc.o(i.CalFlowRatio)
    CalHeatQRatio                            0x080011d5   Thumb Code    54  calc.o(i.CalHeatQRatio)
    CalRatio                                 0x0800121d   Thumb Code    16  calc.o(i.CalRatio)
    ChToFloat                                0x0800122d   Thumb Code    28  modbusprotocol.o(i.ChToFloat)
    ChToINT16                                0x08001249   Thumb Code    16  modbusprotocol.o(i.ChToINT16)
    DateChange                               0x08001259   Thumb Code   284  calc.o(i.DateChange)
    DebugMon_Handler                         0x08001391   Thumb Code     2  stm32f10x_it.o(i.DebugMon_Handler)
    Delayms                                  0x08001393   Thumb Code    24  delay_io_nvic_init.o(i.Delayms)
    Delayus                                  0x080013ab   Thumb Code    50  delay_io_nvic_init.o(i.Delayus)
    Disp                                     0x080013dd   Thumb Code   276  disp.o(i.Disp)
    DispBackCheck                            0x08001529   Thumb Code   110  disp.o(i.DispBackCheck)
    Disp_SendArr                             0x080015a5   Thumb Code    44  disp.o(i.Disp_SendArr)
    Disp_SendData                            0x080015d1   Thumb Code    28  disp.o(i.Disp_SendData)
    Disp_WrFloat                             0x080015f1   Thumb Code    96  disp.o(i.Disp_WrFloat)
    Disp_WrInt                               0x08001659   Thumb Code   104  disp.o(i.Disp_WrInt)
    Disp_WrRtc                               0x080016c9   Thumb Code   210  disp.o(i.Disp_WrRtc)
    EventRecord                              0x080017a9   Thumb Code   728  calc.o(i.EventRecord)
    FM_Rec                                   0x08001ab9   Thumb Code    60  fm25cl64.o(i.FM_Rec)
    FM_Send                                  0x08001af9   Thumb Code    70  fm25cl64.o(i.FM_Send)
    FloatToCh                                0x08001b45   Thumb Code    24  modbusprotocol.o(i.FloatToCh)
    GPIO_Init                                0x08001b5d   Thumb Code   278  stm32f10x_gpio.o(i.GPIO_Init)
    GPIO_ReadInputDataBit                    0x08001c73   Thumb Code    18  stm32f10x_gpio.o(i.GPIO_ReadInputDataBit)
    GPIO_ResetBits                           0x08001c85   Thumb Code     4  stm32f10x_gpio.o(i.GPIO_ResetBits)
    GPIO_SetBits                             0x08001c89   Thumb Code     4  stm32f10x_gpio.o(i.GPIO_SetBits)
    GetUstcDis2                              0x08001c8d   Thumb Code   144  ptu5x.o(i.GetUstcDis2)
    GetUstcToPC                              0x08001d29   Thumb Code   218  ptu5x.o(i.GetUstcToPC)
    GetVin                                   0x08001e19   Thumb Code    50  adc.o(i.GetVin)
    Get_JTAG_ID                              0x08001e51   Thumb Code    52  main.o(i.Get_JTAG_ID)
    HardFault_Handler                        0x08001e89   Thumb Code     4  stm32f10x_it.o(i.HardFault_Handler)
    HighPstDis                               0x08001e8d   Thumb Code   428  disp.o(i.HighPstDis)
    INT16ToCh                                0x08002051   Thumb Code    10  modbusprotocol.o(i.INT16ToCh)
    IO_Init                                  0x0800205d   Thumb Code   368  delay_io_nvic_init.o(i.IO_Init)
    IWDG_Enable                              0x080021dd   Thumb Code    10  stm32f10x_iwdg.o(i.IWDG_Enable)
    IWDG_ReloadCounter                       0x080021ed   Thumb Code    10  stm32f10x_iwdg.o(i.IWDG_ReloadCounter)
    IWDG_Reset                               0x080021fd   Thumb Code    32  delay_io_nvic_init.o(i.IWDG_Reset)
    IWDG_SetPrescaler                        0x0800221d   Thumb Code     6  stm32f10x_iwdg.o(i.IWDG_SetPrescaler)
    IWDG_SetReload                           0x08002229   Thumb Code     6  stm32f10x_iwdg.o(i.IWDG_SetReload)
    IWDG_WriteAccessCmd                      0x08002235   Thumb Code     6  stm32f10x_iwdg.o(i.IWDG_WriteAccessCmd)
    MbRegRead                                0x08002241   Thumb Code  3004  modbusprotocol.o(i.MbRegRead)
    MemManage_Handler                        0x08002e05   Thumb Code     4  stm32f10x_it.o(i.MemManage_Handler)
    NMI_Handler                              0x08002e09   Thumb Code     2  stm32f10x_it.o(i.NMI_Handler)
    NVIC_Configuration                       0x08002e0b   Thumb Code   162  delay_io_nvic_init.o(i.NVIC_Configuration)
    NVIC_Init                                0x08002ead   Thumb Code   100  misc.o(i.NVIC_Init)
    NVIC_PriorityGroupConfig                 0x08002f1d   Thumb Code    10  misc.o(i.NVIC_PriorityGroupConfig)
    OSInit                                   0x08002f31   Thumb Code    36  os_core.o(i.OSInit)
    OSInitHookBegin                          0x08002f55   Thumb Code     2  os_cpu_c.o(i.OSInitHookBegin)
    OSInitHookEnd                            0x08002f57   Thumb Code     2  os_cpu_c.o(i.OSInitHookEnd)
    OSIntEnter                               0x08002f59   Thumb Code    28  os_core.o(i.OSIntEnter)
    OSIntExit                                0x08002f7d   Thumb Code   112  os_core.o(i.OSIntExit)
    OSStart                                  0x0800300d   Thumb Code    48  os_core.o(i.OSStart)
    OSTCBInitHook                            0x08003055   Thumb Code     2  os_cpu_c.o(i.OSTCBInitHook)
    OSTaskCreate                             0x08003059   Thumb Code   158  os_task.o(i.OSTaskCreate)
    OSTaskCreateExt                          0x08003105   Thumb Code   180  os_task.o(i.OSTaskCreateExt)
    OSTaskCreateHook                         0x080031c5   Thumb Code     2  os_cpu_c.o(i.OSTaskCreateHook)
    OSTaskIdleHook                           0x080031c7   Thumb Code     2  os_cpu_c.o(i.OSTaskIdleHook)
    OSTaskNameSet                            0x080031c9   Thumb Code   160  os_task.o(i.OSTaskNameSet)
    OSTaskStatHook                           0x08003275   Thumb Code     2  os_cpu_c.o(i.OSTaskStatHook)
    OSTaskStkChk                             0x08003279   Thumb Code   150  os_task.o(i.OSTaskStkChk)
    OSTaskStkInit                            0x08003319   Thumb Code   154  os_cpu_c.o(i.OSTaskStkInit)
    OSTaskSuspend                            0x080033b5   Thumb Code   168  os_task.o(i.OSTaskSuspend)
    OSTaskSwHook                             0x0800346d   Thumb Code     2  os_cpu_c.o(i.OSTaskSwHook)
    OSTimeDly                                0x08003471   Thumb Code    96  os_time.o(i.OSTimeDly)
    OSTimeTick                               0x080034e1   Thumb Code   200  os_core.o(i.OSTimeTick)
    OSTimeTickHook                           0x080035c1   Thumb Code     2  os_cpu_c.o(i.OSTimeTickHook)
    OS_MemClr                                0x08003769   Thumb Code    18  os_core.o(i.OS_MemClr)
    OS_Sched                                 0x0800377d   Thumb Code    86  os_core.o(i.OS_Sched)
    OS_StrCopy                               0x0800381d   Thumb Code    28  os_core.o(i.OS_StrCopy)
    OS_StrLen                                0x08003839   Thumb Code    20  os_core.o(i.OS_StrLen)
    OS_TCBInit                               0x0800384d   Thumb Code   252  os_core.o(i.OS_TCBInit)
    OS_TaskIdle                              0x08003961   Thumb Code    32  os_core.o(i.OS_TaskIdle)
    OS_TaskStat                              0x08003985   Thumb Code   114  os_core.o(i.OS_TaskStat)
    OS_TaskStatStkChk                        0x08003a0d   Thumb Code    54  os_core.o(i.OS_TaskStatStkChk)
    OS_TaskStkClr                            0x08003a49   Thumb Code    26  os_task.o(i.OS_TaskStkClr)
    Out4_20mA                                0x08003a65   Thumb Code   168  timer.o(i.Out4_20mA)
    PowerDetection                           0x08003b21   Thumb Code    76  main.o(i.PowerDetection)
    PowerDownEvent                           0x08003b75   Thumb Code   110  calc.o(i.PowerDownEvent)
    RCC_ADCCLKConfig                         0x08003bf9   Thumb Code    18  stm32f10x_rcc.o(i.RCC_ADCCLKConfig)
    RCC_APB1PeriphClockCmd                   0x08003c11   Thumb Code    26  stm32f10x_rcc.o(i.RCC_APB1PeriphClockCmd)
    RCC_APB1PeriphResetCmd                   0x08003c31   Thumb Code    26  stm32f10x_rcc.o(i.RCC_APB1PeriphResetCmd)
    RCC_APB2PeriphClockCmd                   0x08003c51   Thumb Code    26  stm32f10x_rcc.o(i.RCC_APB2PeriphClockCmd)
    RCC_APB2PeriphResetCmd                   0x08003c71   Thumb Code    26  stm32f10x_rcc.o(i.RCC_APB2PeriphResetCmd)
    RCC_GetClocksFreq                        0x08003c91   Thumb Code   192  stm32f10x_rcc.o(i.RCC_GetClocksFreq)
    ReadCfg                                  0x08003df9   Thumb Code   224  memory.o(i.ReadCfg)
    ReadFM                                   0x08003ee9   Thumb Code    74  fm25cl64.o(i.ReadFM)
    ReadHisP                                 0x08003f39   Thumb Code   158  memory.o(i.ReadHisP)
    ReadPCF8563                              0x08003fdd   Thumb Code   108  pcf8563.o(i.ReadPCF8563)
    ReadPar                                  0x0800404d   Thumb Code    24  memory.o(i.ReadPar)
    ReadRunTime                              0x08004065   Thumb Code   118  memory.o(i.ReadRunTime)
    ReadSumFlowQ                             0x080040e1   Thumb Code   124  memory.o(i.ReadSumFlowQ)
    ReadSumHeatQ                             0x08004161   Thumb Code   124  memory.o(i.ReadSumHeatQ)
    ReadTime                                 0x080041e1   Thumb Code   242  pcf8563.o(i.ReadTime)
    Read_Ret                                 0x080042d9   Thumb Code    62  modbusprotocol.o(i.Read_Ret)
    RelayTask                                0x08004325   Thumb Code   234  relay.o(i.RelayTask)
    RxDataAnalyze                            0x0800442d   Thumb Code   418  disp.o(i.RxDataAnalyze)
    SVC_Handler                              0x080045fd   Thumb Code     2  stm32f10x_it.o(i.SVC_Handler)
    SetIuA                                   0x080046cd   Thumb Code    30  timer.o(i.SetIuA)
    SysTick_Handler                          0x080048a5   Thumb Code    16  stm32f10x_it.o(i.SysTick_Handler)
    SysTick_init                             0x080048b5   Thumb Code    92  main.o(i.SysTick_init)
    SystemInit                               0x08004919   Thumb Code    78  system_stm32f10x.o(i.SystemInit)
    TIM3Init                                 0x08004979   Thumb Code    96  timer.o(i.TIM3Init)
    TIM4Init                                 0x080049e1   Thumb Code    68  timer.o(i.TIM4Init)
    TIM4_IRQHandler                          0x08004a29   Thumb Code   142  timer.o(i.TIM4_IRQHandler)
    TIM_ClearFlag                            0x08004ad1   Thumb Code     6  stm32f10x_tim.o(i.TIM_ClearFlag)
    TIM_ClearITPendingBit                    0x08004ad7   Thumb Code     6  stm32f10x_tim.o(i.TIM_ClearITPendingBit)
    TIM_Cmd                                  0x08004add   Thumb Code    24  stm32f10x_tim.o(i.TIM_Cmd)
    TIM_DeInit                               0x08004af5   Thumb Code   424  stm32f10x_tim.o(i.TIM_DeInit)
    TIM_GetCapture1                          0x08004cdd   Thumb Code     6  stm32f10x_tim.o(i.TIM_GetCapture1)
    TIM_GetCounter                           0x08004ce3   Thumb Code     6  stm32f10x_tim.o(i.TIM_GetCounter)
    TIM_GetITStatus                          0x08004ce9   Thumb Code    34  stm32f10x_tim.o(i.TIM_GetITStatus)
    TIM_ITConfig                             0x08004d0b   Thumb Code    18  stm32f10x_tim.o(i.TIM_ITConfig)
    TIM_OC3Init                              0x08004d1d   Thumb Code   150  stm32f10x_tim.o(i.TIM_OC3Init)
    TIM_SetCompare1                          0x08004dbd   Thumb Code     4  stm32f10x_tim.o(i.TIM_SetCompare1)
    TIM_SetCompare3                          0x08004dc1   Thumb Code     4  stm32f10x_tim.o(i.TIM_SetCompare3)
    TIM_TimeBaseInit                         0x08004dc5   Thumb Code   122  stm32f10x_tim.o(i.TIM_TimeBaseInit)
    Task0                                    0x08004e69   Thumb Code   132  main.o(i.Task0)
    Task1                                    0x08004f05   Thumb Code    20  main.o(i.Task1)
    Task2                                    0x08004f1d   Thumb Code    54  main.o(i.Task2)
    Task3                                    0x08004f59   Thumb Code   170  main.o(i.Task3)
    Task4                                    0x08005015   Thumb Code    96  main.o(i.Task4)
    Task5                                    0x0800508d   Thumb Code    16  main.o(i.Task5)
    Task6                                    0x0800509d   Thumb Code    16  main.o(i.Task6)
    Task7                                    0x080050ad   Thumb Code    24  main.o(i.Task7)
    Tx2Send                                  0x080050c5   Thumb Code    36  com.o(i.Tx2Send)
    Tx3Send                                  0x080050f5   Thumb Code    68  com.o(i.Tx3Send)
    UART4_IRQHandler                         0x08005145   Thumb Code   182  com.o(i.UART4_IRQHandler)
    USART1_IRQHandler                        0x0800520d   Thumb Code   182  com.o(i.USART1_IRQHandler)
    USART2_IRQHandler                        0x080052e5   Thumb Code   180  com.o(i.USART2_IRQHandler)
    USART3_IRQHandler                        0x080053b9   Thumb Code   208  com.o(i.USART3_IRQHandler)
    USART_ClearITPendingBit                  0x080054a9   Thumb Code    30  stm32f10x_usart.o(i.USART_ClearITPendingBit)
    USART_Cmd                                0x080054c7   Thumb Code    24  stm32f10x_usart.o(i.USART_Cmd)
    USART_GetFlagStatus                      0x080054df   Thumb Code    26  stm32f10x_usart.o(i.USART_GetFlagStatus)
    USART_GetITStatus                        0x080054f9   Thumb Code    84  stm32f10x_usart.o(i.USART_GetITStatus)
    USART_ITConfig                           0x0800554d   Thumb Code    74  stm32f10x_usart.o(i.USART_ITConfig)
    USART_Init                               0x08005599   Thumb Code   210  stm32f10x_usart.o(i.USART_Init)
    USART_ReceiveData                        0x08005671   Thumb Code    10  stm32f10x_usart.o(i.USART_ReceiveData)
    USART_SendData                           0x0800567b   Thumb Code     8  stm32f10x_usart.o(i.USART_SendData)
    UsConfigSet                              0x08005683   Thumb Code    16  disp.o(i.UsConfigSet)
    UsDataSend                               0x08005695   Thumb Code   166  ptu5x.o(i.UsDataSend)
    UsageFault_Handler                       0x08005745   Thumb Code     4  stm32f10x_it.o(i.UsageFault_Handler)
    UstcComMirror                            0x08005749   Thumb Code   172  ptu5x.o(i.UstcComMirror)
    UstcDateUpdate                           0x08005819   Thumb Code   160  ptu5x.o(i.UstcDateUpdate)
    UstcWriteGolbal                          0x080058c1   Thumb Code   168  ptu5x.o(i.UstcWriteGolbal)
    WriteCfg                                 0x080059a1   Thumb Code    38  memory.o(i.WriteCfg)
    WriteDayHis                              0x080059cd   Thumb Code   110  calc.o(i.WriteDayHis)
    WriteFM                                  0x08005a51   Thumb Code    82  fm25cl64.o(i.WriteFM)
    WriteFMFill                              0x08005aa9   Thumb Code    74  fm25cl64.o(i.WriteFMFill)
    WriteHisP                                0x08005af9   Thumb Code    36  memory.o(i.WriteHisP)
    WriteMonHis                              0x08005b21   Thumb Code   110  calc.o(i.WriteMonHis)
    WritePCF8563                             0x08005ba5   Thumb Code    82  pcf8563.o(i.WritePCF8563)
    WritePar                                 0x08005bfd   Thumb Code   160  memory.o(i.WritePar)
    WriteRunTime                             0x08005ca1   Thumb Code    36  memory.o(i.WriteRunTime)
    WriteSumFlowQ                            0x08005cc9   Thumb Code    36  memory.o(i.WriteSumFlowQ)
    WriteSumHeatQ                            0x08005cf1   Thumb Code    36  memory.o(i.WriteSumHeatQ)
    WriteTime                                0x08005d19   Thumb Code   224  pcf8563.o(i.WriteTime)
    WriteYearHis                             0x08005dfd   Thumb Code   110  calc.o(i.WriteYearHis)
    Write_Disable                            0x08005e81   Thumb Code    30  fm25cl64.o(i.Write_Disable)
    Write_Enable                             0x08005ea5   Thumb Code    30  fm25cl64.o(i.Write_Enable)
    Write_Ret                                0x08005ec9   Thumb Code    44  modbusprotocol.o(i.Write_Ret)
    __ARM_fpclassify                         0x08005f01   Thumb Code    40  fpclassify.o(i.__ARM_fpclassify)
    __ieee754_rem_pio2                       0x08005f29   Thumb Code   828  rred.o(i.__ieee754_rem_pio2)
    __kernel_poly                            0x080062b1   Thumb Code   170  poly.o(i.__kernel_poly)
    __kernel_tan                             0x0800635d   Thumb Code   586  tan_i.o(i.__kernel_tan)
    __mathlib_dbl_infnan                     0x080065d9   Thumb Code     6  dunder.o(i.__mathlib_dbl_infnan)
    __mathlib_dbl_invalid                    0x080065df   Thumb Code    12  dunder.o(i.__mathlib_dbl_invalid)
    __mathlib_dbl_underflow                  0x080065ed   Thumb Code    10  dunder.o(i.__mathlib_dbl_underflow)
    __scatterload_copy                       0x080065fd   Thumb Code    14  handlers.o(i.__scatterload_copy)
    __scatterload_null                       0x0800660b   Thumb Code     2  handlers.o(i.__scatterload_null)
    __scatterload_zeroinit                   0x0800660d   Thumb Code    14  handlers.o(i.__scatterload_zeroinit)
    __set_errno                              0x0800661d   Thumb Code     6  errno.o(i.__set_errno)
    main                                     0x08006629   Thumb Code   112  main.o(i.main)
    tan                                      0x080066a5   Thumb Code    90  tan.o(i.tan)
    auchCRCHi                                0x08006708   Data         256  crc.o(.constdata)
    auchCRCLo                                0x08006808   Data         256  crc.o(.constdata)
    OSUnMapTbl                               0x08006908   Data         256  os_core.o(.constdata)
    Region$$Table$$Base                      0x08006b30   Number         0  anon$$obj.o(Region$$Table)
    Region$$Table$$Limit                     0x08006b50   Number         0  anon$$obj.o(Region$$Table)
    CPU_Type                                 0x20000000   Data           2  main.o(.data)
    Time                                     0x20000002   Data           6  main.o(.data)
    WrCmd                                    0x20000008   Data           2  main.o(.data)
    Vin                                      0x2000000a   Data           2  main.o(.data)
    SysTime                                  0x2000000c   Data           2  main.o(.data)
    IuA                                      0x2000000e   Data           2  main.o(.data)
    Tx1Num                                   0x20000010   Data           1  main.o(.data)
    Tx1Cnt                                   0x20000011   Data           1  main.o(.data)
    Rx1Num                                   0x20000012   Data           1  main.o(.data)
    Rx1OverTime                              0x20000013   Data           1  main.o(.data)
    Tx2Num                                   0x20000014   Data           1  main.o(.data)
    Tx2Cnt                                   0x20000015   Data           1  main.o(.data)
    Rx2Num                                   0x20000016   Data           1  main.o(.data)
    Rx2OverTime                              0x20000017   Data           1  main.o(.data)
    Tx3Num                                   0x20000018   Data           1  main.o(.data)
    Tx3Cnt                                   0x20000019   Data           1  main.o(.data)
    Rx3Num                                   0x2000001a   Data           1  main.o(.data)
    Rx3OverTime                              0x2000001b   Data           1  main.o(.data)
    Rx4Num                                   0x2000001c   Data           1  main.o(.data)
    Rx4OverTime                              0x2000001d   Data           1  main.o(.data)
    Fault                                    0x2000001e   Data           2  main.o(.data)
    HalfSecTrigger                           0x20000020   Data           1  main.o(.data)
    AveTimeDiff                              0x20000024   Data           4  main.o(.data)
    AveFlyTime                               0x20000028   Data           4  main.o(.data)
    AveSA                                    0x2000002c   Data           1  main.o(.data)
    AveSQ                                    0x2000002e   Data           2  main.o(.data)
    HeatTemp                                 0x20000030   Data           2  main.o(.data)
    ColdTemp                                 0x20000032   Data           2  main.o(.data)
    FlowRatio                                0x20000034   Data           4  main.o(.data)
    Flow                                     0x20000038   Data           4  main.o(.data)
    FlowQRatio                               0x2000003c   Data           4  main.o(.data)
    FlowQ                                    0x20000040   Data           4  main.o(.data)
    HeatQRatio                               0x20000044   Data           4  main.o(.data)
    HeatQ                                    0x20000048   Data           4  main.o(.data)
    PoutN                                    0x2000004c   Data           2  main.o(.data)
    PHCnt                                    0x2000004e   Data           2  main.o(.data)
    PLCnt                                    0x20000050   Data           2  main.o(.data)
    PassWord                                 0x20000052   Data           4  main.o(.data)
    Old_Year                                 0x20000056   Data           1  main.o(.data)
    Old_Mon                                  0x20000057   Data           1  main.o(.data)
    Old_Day                                  0x20000058   Data           1  main.o(.data)
    T0                                       0x2000005a   Data           2  main.o(.data)
    T1                                       0x2000005c   Data           2  main.o(.data)
    T2                                       0x2000005e   Data           2  main.o(.data)
    T3                                       0x20000060   Data           2  main.o(.data)
    UsDistance                               0x20000062   Data           2  main.o(.data)
    UsLevelmm                                0x20000064   Data           2  main.o(.data)
    UsLevelpst                               0x20000068   Data           4  main.o(.data)
    UsTemp                                   0x2000006c   Data           4  main.o(.data)
    UsOutput                                 0x20000070   Data           4  main.o(.data)
    Us4mADis                                 0x20000074   Data           2  main.o(.data)
    Us20mADis                                0x20000076   Data           2  main.o(.data)
    UsBlindDis                               0x20000078   Data           2  main.o(.data)
    UsCoeffcient                             0x2000007a   Data           2  main.o(.data)
    UsUID                                    0x2000007c   Data           4  main.o(.data)
    UsMedium                                 0x20000080   Data           2  main.o(.data)
    UsRLMin                                  0x20000082   Data           2  main.o(.data)
    UsRLMax                                  0x20000084   Data           2  main.o(.data)
    UsRLVal                                  0x20000086   Data           2  main.o(.data)
    UsRLstatus                               0x20000088   Data           2  main.o(.data)
    KeyData                                  0x2000008a   Data           1  main.o(.data)
    ArrCnt                                   0x20000090   Data           1  disp.o(.data)
    Pic                                      0x20000092   Data           2  disp.o(.data)
    F_FlowThreshold                          0x20000098   Data           4  calc.o(.data)
    F_TimeDiffThreshold                      0x2000009c   Data           4  calc.o(.data)
    OSCtxSwCtr                               0x200000c4   Data           4  os_core.o(.data)
    OSCPUUsage                               0x200000c8   Data           1  os_core.o(.data)
    OSIdleCtrMax                             0x200000cc   Data           4  os_core.o(.data)
    OSIdleCtrRun                             0x200000d0   Data           4  os_core.o(.data)
    OSStatRdy                                0x200000d4   Data           1  os_core.o(.data)
    OSIntNesting                             0x200000d5   Data           1  os_core.o(.data)
    OSLockNesting                            0x200000d6   Data           1  os_core.o(.data)
    OSPrioCur                                0x200000d7   Data           1  os_core.o(.data)
    OSPrioHighRdy                            0x200000d8   Data           1  os_core.o(.data)
    OSRdyGrp                                 0x200000d9   Data           1  os_core.o(.data)
    OSRdyTbl                                 0x200000da   Data           4  os_core.o(.data)
    OSRunning                                0x200000de   Data           1  os_core.o(.data)
    OSTaskCtr                                0x200000df   Data           1  os_core.o(.data)
    OSIdleCtr                                0x200000e0   Data           4  os_core.o(.data)
    OSTCBCur                                 0x200000e4   Data           4  os_core.o(.data)
    OSTCBFreeList                            0x200000e8   Data           4  os_core.o(.data)
    OSTCBHighRdy                             0x200000ec   Data           4  os_core.o(.data)
    OSTCBList                                0x200000f0   Data           4  os_core.o(.data)
    OSTickStepState                          0x200000f4   Data           1  os_core.o(.data)
    OSTime                                   0x200000f8   Data           4  os_core.o(.data)
    Cfg                                      0x20000100   Data          72  main.o(.bss)
    RunTime                                  0x20000148   Data          12  main.o(.bss)
    SumFlowQ                                 0x20000158   Data          48  main.o(.bss)
    SumHeatQ                                 0x20000188   Data          48  main.o(.bss)
    HisP                                     0x200001b8   Data          12  main.o(.bss)
    Tx1Buf                                   0x200001c4   Data         100  main.o(.bss)
    Rx1Buf                                   0x20000228   Data         100  main.o(.bss)
    Tx2Buf                                   0x2000028c   Data         100  main.o(.bss)
    Rx2Buf                                   0x200002f0   Data         200  main.o(.bss)
    Tx3Buf                                   0x200003b8   Data         256  main.o(.bss)
    Rx3Buf                                   0x200004b8   Data         100  main.o(.bss)
    Rx4Buf                                   0x2000051c   Data         100  main.o(.bss)
    Str                                      0x20000580   Data         100  main.o(.bss)
    FlowMeter1                               0x200005e4   Data          56  main.o(.bss)
    FlowMeter2                               0x2000061c   Data          56  main.o(.bss)
    W_M                                      0x20000654   Data          56  main.o(.bss)
    Arr                                      0x20004060   Data         100  disp.o(.bss)
    OSTaskStatStk                            0x200040c4   Data         512  os_core.o(.bss)
    OSTaskIdleStk                            0x200042c4   Data         512  os_core.o(.bss)
    OSTCBPrioTbl                             0x200044c4   Data         128  os_core.o(.bss)
    OSTCBTbl                                 0x20004544   Data        1368  os_core.o(.bss)
    __initial_sp                             0x20004ea0   Data           0  startup_stm32f10x_hd.o(STACK)



==============================================================================

Memory Map of the image

  Image Entry point : 0x08000131

  Load Region LR_IROM1 (Base: 0x08000000, Size: 0x00006c50, Max: 0x00040000, ABSOLUTE)

    Execution Region ER_IROM1 (Exec base: 0x08000000, Load base: 0x08000000, Size: 0x00006b50, Max: 0x00040000, ABSOLUTE)

    Exec Addr    Load Addr    Size         Type   Attr      Idx    E Section Name        Object

    0x08000000   0x08000000   0x00000130   Data   RO         3219    RESET               startup_stm32f10x_hd.o
    0x08000130   0x08000130   0x00000000   Code   RO         4444  * .ARM.Collect$$$$00000000  mc_w.l(entry.o)
    0x08000130   0x08000130   0x00000004   Code   RO         4781    .ARM.Collect$$$$00000001  mc_w.l(entry2.o)
    0x08000134   0x08000134   0x00000004   Code   RO         4784    .ARM.Collect$$$$00000004  mc_w.l(entry5.o)
    0x08000138   0x08000138   0x00000000   Code   RO         4786    .ARM.Collect$$$$00000008  mc_w.l(entry7b.o)
    0x08000138   0x08000138   0x00000000   Code   RO         4788    .ARM.Collect$$$$0000000A  mc_w.l(entry8b.o)
    0x08000138   0x08000138   0x00000008   Code   RO         4789    .ARM.Collect$$$$0000000B  mc_w.l(entry9a.o)
    0x08000140   0x08000140   0x00000004   Code   RO         4796    .ARM.Collect$$$$0000000E  mc_w.l(entry12b.o)
    0x08000144   0x08000144   0x00000000   Code   RO         4791    .ARM.Collect$$$$0000000F  mc_w.l(entry10a.o)
    0x08000144   0x08000144   0x00000000   Code   RO         4793    .ARM.Collect$$$$00000011  mc_w.l(entry11a.o)
    0x08000144   0x08000144   0x00000004   Code   RO         4782    .ARM.Collect$$$$00002712  mc_w.l(entry2.o)
    0x08000148   0x08000148   0x00000024   Code   RO         3220    .text               startup_stm32f10x_hd.o
    0x0800016c   0x0800016c   0x000000a4   Code   RO         3638    .text               os_cpu_a.o
    0x08000210   0x08000210   0x00000024   Code   RO         4447    .text               mc_w.l(memcpya.o)
    0x08000234   0x08000234   0x00000024   Code   RO         4449    .text               mc_w.l(memseta.o)
    0x08000258   0x08000258   0x000000b0   Code   RO         4716    .text               mf_w.l(fadd.o)
    0x08000308   0x08000308   0x00000064   Code   RO         4718    .text               mf_w.l(fmul.o)
    0x0800036c   0x0800036c   0x0000007c   Code   RO         4720    .text               mf_w.l(fdiv.o)
    0x080003e8   0x080003e8   0x0000014e   Code   RO         4722    .text               mf_w.l(dadd.o)
    0x08000536   0x08000536   0x000000e4   Code   RO         4724    .text               mf_w.l(dmul.o)
    0x0800061a   0x0800061a   0x000000de   Code   RO         4726    .text               mf_w.l(ddiv.o)
    0x080006f8   0x080006f8   0x00000012   Code   RO         4728    .text               mf_w.l(fflti.o)
    0x0800070a   0x0800070a   0x0000000a   Code   RO         4730    .text               mf_w.l(ffltui.o)
    0x08000714   0x08000714   0x0000002c   Code   RO         4732    .text               mf_w.l(ffltl.o)
    0x08000740   0x08000740   0x00000022   Code   RO         4734    .text               mf_w.l(dflti.o)
    0x08000762   0x08000762   0x0000001a   Code   RO         4736    .text               mf_w.l(dfltui.o)
    0x0800077c   0x0800077c   0x00000028   Code   RO         4738    .text               mf_w.l(dfltl.o)
    0x080007a4   0x080007a4   0x0000003e   Code   RO         4744    .text               mf_w.l(dfixi.o)
    0x080007e2   0x080007e2   0x00000032   Code   RO         4746    .text               mf_w.l(dfixui.o)
    0x08000814   0x08000814   0x00000026   Code   RO         4748    .text               mf_w.l(f2d.o)
    0x0800083a   0x0800083a   0x00000038   Code   RO         4750    .text               mf_w.l(d2f.o)
    0x08000872   0x08000872   0x00000002   PAD
    0x08000874   0x08000874   0x00000014   Code   RO         4752    .text               mf_w.l(cfcmple.o)
    0x08000888   0x08000888   0x00000014   Code   RO         4754    .text               mf_w.l(cfrcmple.o)
    0x0800089c   0x0800089c   0x0000001e   Code   RO         4802    .text               mc_w.l(llshl.o)
    0x080008ba   0x080008ba   0x00000020   Code   RO         4804    .text               mc_w.l(llushr.o)
    0x080008da   0x080008da   0x00000024   Code   RO         4806    .text               mc_w.l(llsshr.o)
    0x080008fe   0x080008fe   0x00000000   Code   RO         4815    .text               mc_w.l(iusefp.o)
    0x080008fe   0x080008fe   0x0000006e   Code   RO         4816    .text               mf_w.l(fepilogue.o)
    0x0800096c   0x0800096c   0x000000ba   Code   RO         4818    .text               mf_w.l(depilogue.o)
    0x08000a26   0x08000a26   0x00000002   PAD
    0x08000a28   0x08000a28   0x00000024   Code   RO         4828    .text               mc_w.l(init.o)
    0x08000a4c   0x08000a4c   0x0000002e   Code   RO         4830    .text               mf_w.l(dscalb.o)
    0x08000a7a   0x08000a7a   0x00000002   PAD
    0x08000a7c   0x08000a7c   0x00000070   Code   RO          818    i.ADC1Init          adc.o
    0x08000aec   0x08000aec   0x00000016   Code   RO         2376    i.ADC_Cmd           stm32f10x_adc.o
    0x08000b02   0x08000b02   0x00000014   Code   RO         2384    i.ADC_GetCalibrationStatus  stm32f10x_adc.o
    0x08000b16   0x08000b16   0x00000008   Code   RO         2385    i.ADC_GetConversionValue  stm32f10x_adc.o
    0x08000b1e   0x08000b1e   0x00000014   Code   RO         2390    i.ADC_GetResetCalibrationStatus  stm32f10x_adc.o
    0x08000b32   0x08000b32   0x00000002   PAD
    0x08000b34   0x08000b34   0x00000050   Code   RO         2394    i.ADC_Init          stm32f10x_adc.o
    0x08000b84   0x08000b84   0x000000b8   Code   RO         2398    i.ADC_RegularChannelConfig  stm32f10x_adc.o
    0x08000c3c   0x08000c3c   0x0000000a   Code   RO         2399    i.ADC_ResetCalibration  stm32f10x_adc.o
    0x08000c46   0x08000c46   0x00000016   Code   RO         2401    i.ADC_SoftwareStartConvCmd  stm32f10x_adc.o
    0x08000c5c   0x08000c5c   0x0000000a   Code   RO         2403    i.ADC_StartCalibration  stm32f10x_adc.o
    0x08000c66   0x08000c66   0x00000002   PAD
    0x08000c68   0x08000c68   0x0000006c   Code   RO          761    i.Ack_I2c           pcf8563.o
    0x08000cd4   0x08000cd4   0x00000038   Code   RO            1    i.AnalogRTC         main.o
    0x08000d0c   0x08000d0c   0x000000a4   Code   RO            2    i.AppTaskCreate     main.o
    0x08000db0   0x08000db0   0x00000004   Code   RO         3141    i.BusFault_Handler  stm32f10x_it.o
    0x08000db4   0x08000db4   0x00000058   Code   RO          872    i.COM1Init          com.o
    0x08000e0c   0x08000e0c   0x00000058   Code   RO          873    i.COM2Init          com.o
    0x08000e64   0x08000e64   0x00000088   Code   RO          569    i.COM2_SendRecProcess  flowmeterhandle.o
    0x08000eec   0x08000eec   0x000000a8   Code   RO          874    i.COM3Init          com.o
    0x08000f94   0x08000f94   0x0000004c   Code   RO          875    i.COM4Init          com.o
    0x08000fe0   0x08000fe0   0x0000001e   Code   RO          956    i.CRCReplace        ptu5x.o
    0x08000ffe   0x08000ffe   0x00000002   PAD
    0x08001000   0x08001000   0x0000003c   Code   RO          458    i.CalCRC16          crc.o
    0x0800103c   0x0800103c   0x0000004c   Code   RO          343    i.CalFlowQRatio     calc.o
    0x08001088   0x08001088   0x0000014c   Code   RO          344    i.CalFlowRatio      calc.o
    0x080011d4   0x080011d4   0x00000048   Code   RO          346    i.CalHeatQRatio     calc.o
    0x0800121c   0x0800121c   0x00000010   Code   RO          347    i.CalRatio          calc.o
    0x0800122c   0x0800122c   0x0000001c   Code   RO          605    i.ChToFloat         modbusprotocol.o
    0x08001248   0x08001248   0x00000010   Code   RO          606    i.ChToINT16         modbusprotocol.o
    0x08001258   0x08001258   0x00000138   Code   RO          349    i.DateChange        calc.o
    0x08001390   0x08001390   0x00000002   Code   RO         3142    i.DebugMon_Handler  stm32f10x_it.o
    0x08001392   0x08001392   0x00000018   Code   RO          836    i.Delayms           delay_io_nvic_init.o
    0x080013aa   0x080013aa   0x00000032   Code   RO          837    i.Delayus           delay_io_nvic_init.o
    0x080013dc   0x080013dc   0x0000014c   Code   RO          237    i.Disp              disp.o
    0x08001528   0x08001528   0x0000007c   Code   RO          238    i.DispBackCheck     disp.o
    0x080015a4   0x080015a4   0x0000002c   Code   RO          241    i.Disp_SendArr      disp.o
    0x080015d0   0x080015d0   0x00000020   Code   RO          242    i.Disp_SendData     disp.o
    0x080015f0   0x080015f0   0x00000068   Code   RO          244    i.Disp_WrFloat      disp.o
    0x08001658   0x08001658   0x00000070   Code   RO          245    i.Disp_WrInt        disp.o
    0x080016c8   0x080016c8   0x000000e0   Code   RO          246    i.Disp_WrRtc        disp.o
    0x080017a8   0x080017a8   0x00000310   Code   RO          350    i.EventRecord       calc.o
    0x08001ab8   0x08001ab8   0x00000040   Code   RO          471    i.FM_Rec            fm25cl64.o
    0x08001af8   0x08001af8   0x0000004c   Code   RO          472    i.FM_Send           fm25cl64.o
    0x08001b44   0x08001b44   0x00000018   Code   RO          608    i.FloatToCh         modbusprotocol.o
    0x08001b5c   0x08001b5c   0x00000116   Code   RO         1130    i.GPIO_Init         stm32f10x_gpio.o
    0x08001c72   0x08001c72   0x00000012   Code   RO         1134    i.GPIO_ReadInputDataBit  stm32f10x_gpio.o
    0x08001c84   0x08001c84   0x00000004   Code   RO         1137    i.GPIO_ResetBits    stm32f10x_gpio.o
    0x08001c88   0x08001c88   0x00000004   Code   RO         1138    i.GPIO_SetBits      stm32f10x_gpio.o
    0x08001c8c   0x08001c8c   0x0000009c   Code   RO          957    i.GetUstcDis2       ptu5x.o
    0x08001d28   0x08001d28   0x000000f0   Code   RO          958    i.GetUstcToPC       ptu5x.o
    0x08001e18   0x08001e18   0x00000038   Code   RO          819    i.GetVin            adc.o
    0x08001e50   0x08001e50   0x00000038   Code   RO            3    i.Get_JTAG_ID       main.o
    0x08001e88   0x08001e88   0x00000004   Code   RO         3143    i.HardFault_Handler  stm32f10x_it.o
    0x08001e8c   0x08001e8c   0x000001c4   Code   RO          248    i.HighPstDis        disp.o
    0x08002050   0x08002050   0x0000000a   Code   RO          609    i.INT16ToCh         modbusprotocol.o
    0x0800205a   0x0800205a   0x00000002   PAD
    0x0800205c   0x0800205c   0x00000180   Code   RO          838    i.IO_Init           delay_io_nvic_init.o
    0x080021dc   0x080021dc   0x00000010   Code   RO         2778    i.IWDG_Enable       stm32f10x_iwdg.o
    0x080021ec   0x080021ec   0x00000010   Code   RO         2780    i.IWDG_ReloadCounter  stm32f10x_iwdg.o
    0x080021fc   0x080021fc   0x00000020   Code   RO          839    i.IWDG_Reset        delay_io_nvic_init.o
    0x0800221c   0x0800221c   0x0000000c   Code   RO         2781    i.IWDG_SetPrescaler  stm32f10x_iwdg.o
    0x08002228   0x08002228   0x0000000c   Code   RO         2782    i.IWDG_SetReload    stm32f10x_iwdg.o
    0x08002234   0x08002234   0x0000000c   Code   RO         2783    i.IWDG_WriteAccessCmd  stm32f10x_iwdg.o
    0x08002240   0x08002240   0x00000bc4   Code   RO          611    i.MbRegRead         modbusprotocol.o
    0x08002e04   0x08002e04   0x00000004   Code   RO         3144    i.MemManage_Handler  stm32f10x_it.o
    0x08002e08   0x08002e08   0x00000002   Code   RO         3145    i.NMI_Handler       stm32f10x_it.o
    0x08002e0a   0x08002e0a   0x000000a2   Code   RO          840    i.NVIC_Configuration  delay_io_nvic_init.o
    0x08002eac   0x08002eac   0x00000070   Code   RO         1005    i.NVIC_Init         misc.o
    0x08002f1c   0x08002f1c   0x00000014   Code   RO         1006    i.NVIC_PriorityGroupConfig  misc.o
    0x08002f30   0x08002f30   0x00000024   Code   RO         3650    i.OSInit            os_core.o
    0x08002f54   0x08002f54   0x00000002   Code   RO         3565    i.OSInitHookBegin   os_cpu_c.o
    0x08002f56   0x08002f56   0x00000002   Code   RO         3566    i.OSInitHookEnd     os_cpu_c.o
    0x08002f58   0x08002f58   0x00000024   Code   RO         3651    i.OSIntEnter        os_core.o
    0x08002f7c   0x08002f7c   0x00000090   Code   RO         3652    i.OSIntExit         os_core.o
    0x0800300c   0x0800300c   0x00000048   Code   RO         3655    i.OSStart           os_core.o
    0x08003054   0x08003054   0x00000002   Code   RO         3567    i.OSTCBInitHook     os_cpu_c.o
    0x08003056   0x08003056   0x00000002   PAD
    0x08003058   0x08003058   0x000000ac   Code   RO         3850    i.OSTaskCreate      os_task.o
    0x08003104   0x08003104   0x000000c0   Code   RO         3851    i.OSTaskCreateExt   os_task.o
    0x080031c4   0x080031c4   0x00000002   Code   RO         3568    i.OSTaskCreateHook  os_cpu_c.o
    0x080031c6   0x080031c6   0x00000002   Code   RO         3570    i.OSTaskIdleHook    os_cpu_c.o
    0x080031c8   0x080031c8   0x000000ac   Code   RO         3855    i.OSTaskNameSet     os_task.o
    0x08003274   0x08003274   0x00000002   Code   RO         3571    i.OSTaskStatHook    os_cpu_c.o
    0x08003276   0x08003276   0x00000002   PAD
    0x08003278   0x08003278   0x000000a0   Code   RO         3858    i.OSTaskStkChk      os_task.o
    0x08003318   0x08003318   0x0000009a   Code   RO         3572    i.OSTaskStkInit     os_cpu_c.o
    0x080033b2   0x080033b2   0x00000002   PAD
    0x080033b4   0x080033b4   0x000000b8   Code   RO         3859    i.OSTaskSuspend     os_task.o
    0x0800346c   0x0800346c   0x00000002   Code   RO         3573    i.OSTaskSwHook      os_cpu_c.o
    0x0800346e   0x0800346e   0x00000002   PAD
    0x08003470   0x08003470   0x00000070   Code   RO         3927    i.OSTimeDly         os_time.o
    0x080034e0   0x080034e0   0x000000e0   Code   RO         3657    i.OSTimeTick        os_core.o
    0x080035c0   0x080035c0   0x00000002   Code   RO         3574    i.OSTimeTickHook    os_cpu_c.o
    0x080035c2   0x080035c2   0x00000002   Code   RO         3660    i.OS_InitEventList  os_core.o
    0x080035c4   0x080035c4   0x00000054   Code   RO         3661    i.OS_InitMisc       os_core.o
    0x08003618   0x08003618   0x00000048   Code   RO         3662    i.OS_InitRdyList    os_core.o
    0x08003660   0x08003660   0x00000068   Code   RO         3663    i.OS_InitTCBList    os_core.o
    0x080036c8   0x080036c8   0x00000050   Code   RO         3664    i.OS_InitTaskIdle   os_core.o
    0x08003718   0x08003718   0x00000050   Code   RO         3665    i.OS_InitTaskStat   os_core.o
    0x08003768   0x08003768   0x00000012   Code   RO         3666    i.OS_MemClr         os_core.o
    0x0800377a   0x0800377a   0x00000002   PAD
    0x0800377c   0x0800377c   0x00000074   Code   RO         3668    i.OS_Sched          os_core.o
    0x080037f0   0x080037f0   0x0000002c   Code   RO         3669    i.OS_SchedNew       os_core.o
    0x0800381c   0x0800381c   0x0000001c   Code   RO         3670    i.OS_StrCopy        os_core.o
    0x08003838   0x08003838   0x00000014   Code   RO         3671    i.OS_StrLen         os_core.o
    0x0800384c   0x0800384c   0x00000114   Code   RO         3672    i.OS_TCBInit        os_core.o
    0x08003960   0x08003960   0x00000024   Code   RO         3673    i.OS_TaskIdle       os_core.o
    0x08003984   0x08003984   0x00000088   Code   RO         3674    i.OS_TaskStat       os_core.o
    0x08003a0c   0x08003a0c   0x0000003c   Code   RO         3675    i.OS_TaskStatStkChk  os_core.o
    0x08003a48   0x08003a48   0x0000001a   Code   RO         3860    i.OS_TaskStkClr     os_task.o
    0x08003a62   0x08003a62   0x00000002   PAD
    0x08003a64   0x08003a64   0x000000bc   Code   RO          531    i.Out4_20mA         timer.o
    0x08003b20   0x08003b20   0x00000054   Code   RO            4    i.PowerDetection    main.o
    0x08003b74   0x08003b74   0x00000084   Code   RO          352    i.PowerDownEvent    calc.o
    0x08003bf8   0x08003bf8   0x00000018   Code   RO         1238    i.RCC_ADCCLKConfig  stm32f10x_rcc.o
    0x08003c10   0x08003c10   0x00000020   Code   RO         1240    i.RCC_APB1PeriphClockCmd  stm32f10x_rcc.o
    0x08003c30   0x08003c30   0x00000020   Code   RO         1241    i.RCC_APB1PeriphResetCmd  stm32f10x_rcc.o
    0x08003c50   0x08003c50   0x00000020   Code   RO         1242    i.RCC_APB2PeriphClockCmd  stm32f10x_rcc.o
    0x08003c70   0x08003c70   0x00000020   Code   RO         1243    i.RCC_APB2PeriphResetCmd  stm32f10x_rcc.o
    0x08003c90   0x08003c90   0x000000d4   Code   RO         1250    i.RCC_GetClocksFreq  stm32f10x_rcc.o
    0x08003d64   0x08003d64   0x00000094   Code   RO          762    i.RcvByte           pcf8563.o
    0x08003df8   0x08003df8   0x000000f0   Code   RO          677    i.ReadCfg           memory.o
    0x08003ee8   0x08003ee8   0x00000050   Code   RO          473    i.ReadFM            fm25cl64.o
    0x08003f38   0x08003f38   0x000000a4   Code   RO          678    i.ReadHisP          memory.o
    0x08003fdc   0x08003fdc   0x00000070   Code   RO          763    i.ReadPCF8563       pcf8563.o
    0x0800404c   0x0800404c   0x00000018   Code   RO          679    i.ReadPar           memory.o
    0x08004064   0x08004064   0x0000007c   Code   RO          680    i.ReadRunTime       memory.o
    0x080040e0   0x080040e0   0x00000080   Code   RO          681    i.ReadSumFlowQ      memory.o
    0x08004160   0x08004160   0x00000080   Code   RO          682    i.ReadSumHeatQ      memory.o
    0x080041e0   0x080041e0   0x000000f8   Code   RO          764    i.ReadTime          pcf8563.o
    0x080042d8   0x080042d8   0x0000004c   Code   RO          614    i.Read_Ret          modbusprotocol.o
    0x08004324   0x08004324   0x00000108   Code   RO          944    i.RelayTask         relay.o
    0x0800442c   0x0800442c   0x000001d0   Code   RO          249    i.RxDataAnalyze     disp.o
    0x080045fc   0x080045fc   0x00000002   Code   RO         3147    i.SVC_Handler       stm32f10x_it.o
    0x080045fe   0x080045fe   0x00000002   PAD
    0x08004600   0x08004600   0x000000cc   Code   RO          765    i.SendByte          pcf8563.o
    0x080046cc   0x080046cc   0x00000024   Code   RO          532    i.SetIuA            timer.o
    0x080046f0   0x080046f0   0x00000008   Code   RO         3107    i.SetSysClock       system_stm32f10x.o
    0x080046f8   0x080046f8   0x000000d8   Code   RO         3108    i.SetSysClockTo24   system_stm32f10x.o
    0x080047d0   0x080047d0   0x00000078   Code   RO          766    i.Start_I2c         pcf8563.o
    0x08004848   0x08004848   0x0000005c   Code   RO          767    i.Stop_I2c          pcf8563.o
    0x080048a4   0x080048a4   0x00000010   Code   RO         3148    i.SysTick_Handler   stm32f10x_it.o
    0x080048b4   0x080048b4   0x00000064   Code   RO            5    i.SysTick_init      main.o
    0x08004918   0x08004918   0x00000060   Code   RO         3110    i.SystemInit        system_stm32f10x.o
    0x08004978   0x08004978   0x00000068   Code   RO          533    i.TIM3Init          timer.o
    0x080049e0   0x080049e0   0x00000048   Code   RO          534    i.TIM4Init          timer.o
    0x08004a28   0x08004a28   0x000000a8   Code   RO          535    i.TIM4_IRQHandler   timer.o
    0x08004ad0   0x08004ad0   0x00000006   Code   RO         1832    i.TIM_ClearFlag     stm32f10x_tim.o
    0x08004ad6   0x08004ad6   0x00000006   Code   RO         1833    i.TIM_ClearITPendingBit  stm32f10x_tim.o
    0x08004adc   0x08004adc   0x00000018   Code   RO         1838    i.TIM_Cmd           stm32f10x_tim.o
    0x08004af4   0x08004af4   0x000001e8   Code   RO         1843    i.TIM_DeInit        stm32f10x_tim.o
    0x08004cdc   0x08004cdc   0x00000006   Code   RO         1853    i.TIM_GetCapture1   stm32f10x_tim.o
    0x08004ce2   0x08004ce2   0x00000006   Code   RO         1857    i.TIM_GetCounter    stm32f10x_tim.o
    0x08004ce8   0x08004ce8   0x00000022   Code   RO         1859    i.TIM_GetITStatus   stm32f10x_tim.o
    0x08004d0a   0x08004d0a   0x00000012   Code   RO         1863    i.TIM_ITConfig      stm32f10x_tim.o
    0x08004d1c   0x08004d1c   0x000000a0   Code   RO         1877    i.TIM_OC3Init       stm32f10x_tim.o
    0x08004dbc   0x08004dbc   0x00000004   Code   RO         1899    i.TIM_SetCompare1   stm32f10x_tim.o
    0x08004dc0   0x08004dc0   0x00000004   Code   RO         1901    i.TIM_SetCompare3   stm32f10x_tim.o
    0x08004dc4   0x08004dc4   0x000000a4   Code   RO         1909    i.TIM_TimeBaseInit  stm32f10x_tim.o
    0x08004e68   0x08004e68   0x0000009c   Code   RO            6    i.Task0             main.o
    0x08004f04   0x08004f04   0x00000018   Code   RO            7    i.Task1             main.o
    0x08004f1c   0x08004f1c   0x0000003c   Code   RO            8    i.Task2             main.o
    0x08004f58   0x08004f58   0x000000bc   Code   RO            9    i.Task3             main.o
    0x08005014   0x08005014   0x00000078   Code   RO           10    i.Task4             main.o
    0x0800508c   0x0800508c   0x00000010   Code   RO           11    i.Task5             main.o
    0x0800509c   0x0800509c   0x00000010   Code   RO           12    i.Task6             main.o
    0x080050ac   0x080050ac   0x00000018   Code   RO           13    i.Task7             main.o
    0x080050c4   0x080050c4   0x00000030   Code   RO          877    i.Tx2Send           com.o
    0x080050f4   0x080050f4   0x00000050   Code   RO          878    i.Tx3Send           com.o
    0x08005144   0x08005144   0x000000c8   Code   RO          879    i.UART4_IRQHandler  com.o
    0x0800520c   0x0800520c   0x000000d8   Code   RO          880    i.USART1_IRQHandler  com.o
    0x080052e4   0x080052e4   0x000000d4   Code   RO          881    i.USART2_IRQHandler  com.o
    0x080053b8   0x080053b8   0x000000f0   Code   RO          882    i.USART3_IRQHandler  com.o
    0x080054a8   0x080054a8   0x0000001e   Code   RO         1439    i.USART_ClearITPendingBit  stm32f10x_usart.o
    0x080054c6   0x080054c6   0x00000018   Code   RO         1442    i.USART_Cmd         stm32f10x_usart.o
    0x080054de   0x080054de   0x0000001a   Code   RO         1445    i.USART_GetFlagStatus  stm32f10x_usart.o
    0x080054f8   0x080054f8   0x00000054   Code   RO         1446    i.USART_GetITStatus  stm32f10x_usart.o
    0x0800554c   0x0800554c   0x0000004a   Code   RO         1448    i.USART_ITConfig    stm32f10x_usart.o
    0x08005596   0x08005596   0x00000002   PAD
    0x08005598   0x08005598   0x000000d8   Code   RO         1449    i.USART_Init        stm32f10x_usart.o
    0x08005670   0x08005670   0x0000000a   Code   RO         1456    i.USART_ReceiveData  stm32f10x_usart.o
    0x0800567a   0x0800567a   0x00000008   Code   RO         1459    i.USART_SendData    stm32f10x_usart.o
    0x08005682   0x08005682   0x00000010   Code   RO          250    i.UsConfigSet       disp.o
    0x08005692   0x08005692   0x00000002   PAD
    0x08005694   0x08005694   0x000000b0   Code   RO          959    i.UsDataSend        ptu5x.o
    0x08005744   0x08005744   0x00000004   Code   RO         3149    i.UsageFault_Handler  stm32f10x_it.o
    0x08005748   0x08005748   0x000000d0   Code   RO          960    i.UstcComMirror     ptu5x.o
    0x08005818   0x08005818   0x000000a8   Code   RO          961    i.UstcDateUpdate    ptu5x.o
    0x080058c0   0x080058c0   0x000000e0   Code   RO          962    i.UstcWriteGolbal   ptu5x.o
    0x080059a0   0x080059a0   0x0000002c   Code   RO          684    i.WriteCfg          memory.o
    0x080059cc   0x080059cc   0x00000084   Code   RO          355    i.WriteDayHis       calc.o
    0x08005a50   0x08005a50   0x00000058   Code   RO          475    i.WriteFM           fm25cl64.o
    0x08005aa8   0x08005aa8   0x00000050   Code   RO          476    i.WriteFMFill       fm25cl64.o
    0x08005af8   0x08005af8   0x00000028   Code   RO          685    i.WriteHisP         memory.o
    0x08005b20   0x08005b20   0x00000084   Code   RO          356    i.WriteMonHis       calc.o
    0x08005ba4   0x08005ba4   0x00000058   Code   RO          768    i.WritePCF8563      pcf8563.o
    0x08005bfc   0x08005bfc   0x000000a4   Code   RO          686    i.WritePar          memory.o
    0x08005ca0   0x08005ca0   0x00000028   Code   RO          687    i.WriteRunTime      memory.o
    0x08005cc8   0x08005cc8   0x00000028   Code   RO          688    i.WriteSumFlowQ     memory.o
    0x08005cf0   0x08005cf0   0x00000028   Code   RO          689    i.WriteSumHeatQ     memory.o
    0x08005d18   0x08005d18   0x000000e4   Code   RO          769    i.WriteTime         pcf8563.o
    0x08005dfc   0x08005dfc   0x00000084   Code   RO          357    i.WriteYearHis      calc.o
    0x08005e80   0x08005e80   0x00000024   Code   RO          477    i.Write_Disable     fm25cl64.o
    0x08005ea4   0x08005ea4   0x00000024   Code   RO          478    i.Write_Enable      fm25cl64.o
    0x08005ec8   0x08005ec8   0x00000038   Code   RO          615    i.Write_Ret         modbusprotocol.o
    0x08005f00   0x08005f00   0x00000028   Code   RO         4824    i.__ARM_fpclassify  m_ws.l(fpclassify.o)
    0x08005f28   0x08005f28   0x00000388   Code   RO         4770    i.__ieee754_rem_pio2  m_ws.l(rred.o)
    0x080062b0   0x080062b0   0x000000aa   Code   RO         4826    i.__kernel_poly     m_ws.l(poly.o)
    0x0800635a   0x0800635a   0x00000002   PAD
    0x0800635c   0x0800635c   0x0000027c   Code   RO         4775    i.__kernel_tan      m_ws.l(tan_i.o)
    0x080065d8   0x080065d8   0x00000006   Code   RO         4757    i.__mathlib_dbl_infnan  m_ws.l(dunder.o)
    0x080065de   0x080065de   0x0000000c   Code   RO         4759    i.__mathlib_dbl_invalid  m_ws.l(dunder.o)
    0x080065ea   0x080065ea   0x00000002   PAD
    0x080065ec   0x080065ec   0x00000010   Code   RO         4762    i.__mathlib_dbl_underflow  m_ws.l(dunder.o)
    0x080065fc   0x080065fc   0x0000000e   Code   RO         4834    i.__scatterload_copy  mc_w.l(handlers.o)
    0x0800660a   0x0800660a   0x00000002   Code   RO         4835    i.__scatterload_null  mc_w.l(handlers.o)
    0x0800660c   0x0800660c   0x0000000e   Code   RO         4836    i.__scatterload_zeroinit  mc_w.l(handlers.o)
    0x0800661a   0x0800661a   0x00000002   PAD
    0x0800661c   0x0800661c   0x0000000c   Code   RO         4810    i.__set_errno       mc_w.l(errno.o)
    0x08006628   0x08006628   0x0000007c   Code   RO           14    i.main              main.o
    0x080066a4   0x080066a4   0x00000064   Code   RO         4437    i.tan               m_ws.l(tan.o)
    0x08006708   0x08006708   0x00000200   Data   RO          459    .constdata          crc.o
    0x08006908   0x08006908   0x00000100   Data   RO         3677    .constdata          os_core.o
    0x08006a08   0x08006a08   0x000000c8   Data   RO         4772    .constdata          m_ws.l(rred.o)
    0x08006ad0   0x08006ad0   0x00000060   Data   RO         4776    .constdata          m_ws.l(tan_i.o)
    0x08006b30   0x08006b30   0x00000020   Data   RO         4832    Region$$Table       anon$$obj.o


    Execution Region RW_IRAM1 (Exec base: 0x20000000, Load base: 0x08006b50, Size: 0x00004ea0, Max: 0x0000c000, ABSOLUTE)

    Exec Addr    Load Addr    Size         Type   Attr      Idx    E Section Name        Object

    0x20000000   0x08006b50   0x00000090   Data   RW           16    .data               main.o
    0x20000090   0x08006be0   0x00000006   Data   RW          253    .data               disp.o
    0x20000096   0x08006be6   0x00000002   PAD
    0x20000098   0x08006be8   0x00000012   Data   RW          359    .data               calc.o
    0x200000aa   0x08006bfa   0x00000001   Data   RW          536    .data               timer.o
    0x200000ab   0x08006bfb   0x00000001   Data   RW          770    .data               pcf8563.o
    0x200000ac   0x08006bfc   0x00000001   Data   RW          963    .data               ptu5x.o
    0x200000ad   0x08006bfd   0x00000014   Data   RW         1270    .data               stm32f10x_rcc.o
    0x200000c1   0x08006c11   0x00000003   PAD
    0x200000c4   0x08006c14   0x00000038   Data   RW         3678    .data               os_core.o
    0x200000fc   0x08006c4c   0x00000004   Data   RW         4811    .data               mc_w.l(errno.o)
    0x20000100        -       0x00003f60   Zero   RW           15    .bss                main.o
    0x20004060        -       0x00000064   Zero   RW          251    .bss                disp.o
    0x200040c4        -       0x000009d8   Zero   RW         3676    .bss                os_core.o
    0x20004a9c   0x08006c50   0x00000004   PAD
    0x20004aa0        -       0x00000400   Zero   RW         3217    STACK               startup_stm32f10x_hd.o


==============================================================================

Image component sizes


      Code (inc. data)   RO Data    RW Data    ZI Data      Debug   Object Name

       168         10          0          0          0        996   adc.o
      2120        244          0         18          0       6643   calc.o
      1416        172          0          0          0       5231   com.o
         0          0          0          0          0         32   core_cm3.o
        60         10        512          0          0       1133   crc.o
       652         16          0          0          0       2788   delay_io_nvic_init.o
      1904        174          0          6        100       6375   disp.o
       136         16          0          0          0        666   flowmeterhandle.o
       460         40          0          0          0       3947   fm25cl64.o
      1188        176          0        144      16224     292746   main.o
      1176         62          0          0          0       6192   memory.o
       132         22          0          0          0     258467   misc.o
      3222        448          0          0          0       4915   modbusprotocol.o
      1668        336        256         56       2520      18567   os_core.o
       164         32          0          0          0        312   os_cpu_a.o
       170          0          0          0          0      12720   os_cpu_c.o
       906         64          0          0          0       5468   os_task.o
       112         16          0          0          0        604   os_time.o
      1348         52          0          1          0       5268   pcf8563.o
      1202        144          0          1          0       4801   ptu5x.o
       264         30          0          0          0        468   relay.o
        36          8        304          0       1024        804   startup_stm32f10x_hd.o
       376         10          0          0          0       6949   stm32f10x_adc.o
       304          0          0          0          0       3416   stm32f10x_gpio.o
        38          0          0          0          0      11698   stm32f10x_it.o
        68         30          0          0          0       2250   stm32f10x_iwdg.o
       364         50          0         20          0       5759   stm32f10x_rcc.o
       920        116          0          0          0       7124   stm32f10x_tim.o
       472          6          0          0          0       6379   stm32f10x_usart.o
       320         26          0          0          0       1825   system_stm32f10x.o
       568         64          0          1          0       2581   timer.o

    ----------------------------------------------------------------------
     21960       2374       1104        252      19872     687124   Object Totals
         0          0         32          0          0          0   (incl. Generated)
        26          0          0          5          4          0   (incl. Padding)

    ----------------------------------------------------------------------

      Code (inc. data)   RO Data    RW Data    ZI Data      Debug   Library Member Name

        34          6          0          0          0        204   dunder.o
        40          0          0          0          0         68   fpclassify.o
       170          0          0          0          0         96   poly.o
       904         76        200          0          0        140   rred.o
       100         10          0          0          0         96   tan.o
       636         50         96          0          0        168   tan_i.o
         0          0          0          0          0          0   entry.o
         0          0          0          0          0          0   entry10a.o
         0          0          0          0          0          0   entry11a.o
         4          0          0          0          0          0   entry12b.o
         8          4          0          0          0          0   entry2.o
         4          0          0          0          0          0   entry5.o
         0          0          0          0          0          0   entry7b.o
         0          0          0          0          0          0   entry8b.o
         8          4          0          0          0          0   entry9a.o
        12          6          0          4          0         68   errno.o
        30          0          0          0          0          0   handlers.o
        36          8          0          0          0         68   init.o
         0          0          0          0          0          0   iusefp.o
        30          0          0          0          0         68   llshl.o
        36          0          0          0          0         68   llsshr.o
        32          0          0          0          0         68   llushr.o
        36          0          0          0          0         68   memcpya.o
        36          0          0          0          0        108   memseta.o
        20          0          0          0          0         68   cfcmple.o
        20          0          0          0          0         68   cfrcmple.o
        56          0          0          0          0         88   d2f.o
       334          0          0          0          0        148   dadd.o
       222          0          0          0          0        100   ddiv.o
       186          0          0          0          0        176   depilogue.o
        62          0          0          0          0         80   dfixi.o
        50          0          0          0          0         76   dfixui.o
        34          0          0          0          0         76   dflti.o
        40          0          0          0          0         80   dfltl.o
        26          0          0          0          0         76   dfltui.o
       228          0          0          0          0         96   dmul.o
        46          0          0          0          0         80   dscalb.o
        38          0          0          0          0         68   f2d.o
       176          0          0          0          0        140   fadd.o
       124          0          0          0          0         88   fdiv.o
       110          0          0          0          0        168   fepilogue.o
        18          0          0          0          0         68   fflti.o
        44          0          0          0          0         92   ffltl.o
        10          0          0          0          0         68   ffltui.o
       100          0          0          0          0         76   fmul.o

    ----------------------------------------------------------------------
      4112        164        296          4          0       3268   Library Totals
        12          0          0          0          0          0   (incl. Padding)

    ----------------------------------------------------------------------

      Code (inc. data)   RO Data    RW Data    ZI Data      Debug   Library Name

      1884        142        296          0          0        772   m_ws.l
       272         22          0          4          0        516   mc_w.l
      1944          0          0          0          0       1980   mf_w.l

    ----------------------------------------------------------------------
      4112        164        296          4          0       3268   Library Totals

    ----------------------------------------------------------------------

==============================================================================


      Code (inc. data)   RO Data    RW Data    ZI Data      Debug   

     26072       2538       1400        256      19872     678948   Grand Totals
     26072       2538       1400        256      19872     678948   ELF Image Totals
     26072       2538       1400        256          0          0   ROM Totals

==============================================================================

    Total RO  Size (Code + RO Data)                27472 (  26.83kB)
    Total RW  Size (RW Data + ZI Data)             20128 (  19.66kB)
    Total ROM Size (Code + RO Data + RW Data)      27728 (  27.08kB)

==============================================================================

